Java HotSpot(TM) 64-Bit Server VM (25.131-b11) for windows-amd64 JRE (1.8.0_131-b11), built on Mar 15 2017 01:23:53 by "java_re" with MS VC++ 10.0 (VS2010)
Memory: 4k page, physical 16627532k(6060780k free), swap 26064716k(5653648k free)
CommandLine flags: -XX:-BytecodeVerificationLocal -XX:-BytecodeVerificationRemote -XX:InitialHeapSize=266040512 -XX:+ManagementServer -XX:MaxHeapSize=4256648192 -XX:MaxNewSize=697933824 -XX:MaxTenuringThreshold=6 -XX:OldPLABSize=16 -XX:+PrintGC -XX:+PrintGCDateStamps -XX:+PrintGCDetails -XX:+PrintGCTimeStamps -XX:TieredStopAtLevel=1 -XX:+UseCompressedClassPointers -XX:+UseCompressedOops -XX:+UseConcMarkSweepGC -XX:-UseLargePagesIndividualAllocation -XX:+UseParNewGC 
2020-06-10T14:32:48.390+0800: 2.657: [GC (Allocation Failure) 2020-06-10T14:32:48.390+0800: 2.657: [ParNew: 69376K->8012K(78016K), 0.0105408 secs] 69376K->8012K(251456K), 0.0108840 secs] [Times: user=0.09 sys=0.00, real=0.01 secs] 
2020-06-10T14:32:49.358+0800: 3.625: [GC (Allocation Failure) 2020-06-10T14:32:49.359+0800: 3.625: [ParNew: 77388K->8639K(78016K), 0.0223170 secs] 77388K->12238K(251456K), 0.0224637 secs] [Times: user=0.08 sys=0.00, real=0.02 secs] 
2020-06-10T14:32:49.702+0800: 3.969: [GC (Allocation Failure) 2020-06-10T14:32:49.702+0800: 3.969: [ParNew: 78015K->3974K(78016K), 0.0218353 secs] 81614K->9861K(251456K), 0.0219597 secs] [Times: user=0.11 sys=0.00, real=0.02 secs] 
2020-06-10T14:32:49.724+0800: 3.991: [GC (CMS Initial Mark) [1 CMS-initial-mark: 5887K(173440K)] 9861K(251456K), 0.0007831 secs] [Times: user=0.00 sys=0.00, real=0.00 secs] 
2020-06-10T14:32:49.725+0800: 3.992: [CMS-concurrent-mark-start]
2020-06-10T14:32:49.735+0800: 4.002: [CMS-concurrent-mark: 0.010/0.010 secs] [Times: user=0.05 sys=0.00, real=0.01 secs] 
2020-06-10T14:32:49.735+0800: 4.002: [CMS-concurrent-preclean-start]
2020-06-10T14:32:49.736+0800: 4.003: [CMS-concurrent-preclean: 0.001/0.001 secs] [Times: user=0.00 sys=0.00, real=0.00 secs] 
2020-06-10T14:32:49.736+0800: 4.003: [CMS-concurrent-abortable-preclean-start]
2020-06-10T14:32:50.115+0800: 4.381: [CMS-concurrent-abortable-preclean: 0.124/0.378 secs] [Times: user=0.64 sys=0.09, real=0.38 secs] 
2020-06-10T14:32:50.116+0800: 4.382: [GC (CMS Final Remark) [YG occupancy: 40995 K (78016 K)]2020-06-10T14:32:50.116+0800: 4.382: [Rescan (parallel) , 0.0034681 secs]2020-06-10T14:32:50.119+0800: 4.386: [weak refs processing, 0.0003834 secs]2020-06-10T14:32:50.120+0800: 4.386: [class unloading, 0.0022545 secs]2020-06-10T14:32:50.122+0800: 4.389: [scrub symbol table, 0.0031367 secs]2020-06-10T14:32:50.125+0800: 4.392: [scrub string table, 0.0002574 secs][1 CMS-remark: 5887K(173440K)] 46882K(251456K), 0.0100253 secs] [Times: user=0.02 sys=0.00, real=0.01 secs] 
2020-06-10T14:32:50.126+0800: 4.393: [CMS-concurrent-sweep-start]
2020-06-10T14:32:50.129+0800: 4.395: [CMS-concurrent-sweep: 0.003/0.003 secs] [Times: user=0.00 sys=0.00, real=0.00 secs] 
2020-06-10T14:32:50.129+0800: 4.395: [CMS-concurrent-reset-start]
2020-06-10T14:32:50.155+0800: 4.423: [CMS-concurrent-reset: 0.027/0.027 secs] [Times: user=0.03 sys=0.00, real=0.03 secs] 
2020-06-10T14:32:50.749+0800: 5.016: [GC (Allocation Failure) 2020-06-10T14:32:50.749+0800: 5.016: [ParNew: 73350K->7894K(78016K), 0.0053107 secs] 79007K->13552K(251456K), 0.0054124 secs] [Times: user=0.11 sys=0.00, real=0.00 secs] 
2020-06-10T14:32:51.481+0800: 5.748: [GC (Allocation Failure) 2020-06-10T14:32:51.481+0800: 5.748: [ParNew: 77270K->5827K(78016K), 0.0137340 secs] 82928K->14947K(251456K), 0.0138609 secs] [Times: user=0.08 sys=0.02, real=0.01 secs] 
2020-06-10T14:32:52.918+0800: 7.184: [GC (Allocation Failure) 2020-06-10T14:32:52.918+0800: 7.184: [ParNew: 75203K->6922K(78016K), 0.0121056 secs] 84323K->19121K(251456K), 0.0122061 secs] [Times: user=0.03 sys=0.00, real=0.01 secs] 
2020-06-10T14:32:53.516+0800: 7.783: [GC (Allocation Failure) 2020-06-10T14:32:53.516+0800: 7.783: [ParNew: 76298K->6329K(78016K), 0.0087136 secs] 88497K->21063K(251456K), 0.0088232 secs] [Times: user=0.11 sys=0.00, real=0.01 secs] 
2020-06-10T14:32:53.889+0800: 8.156: [GC (Allocation Failure) 2020-06-10T14:32:53.889+0800: 8.156: [ParNew: 75705K->6885K(78016K), 0.0068637 secs] 90439K->23712K(251456K), 0.0069994 secs] [Times: user=0.08 sys=0.01, real=0.01 secs] 
2020-06-10T14:32:55.896+0800: 10.163: [GC (CMS Initial Mark) [1 CMS-initial-mark: 16827K(173440K)] 79158K(251456K), 0.0116232 secs] [Times: user=0.02 sys=0.00, real=0.01 secs] 
2020-06-10T14:32:55.907+0800: 10.174: [CMS-concurrent-mark-start]
2020-06-10T14:32:55.920+0800: 10.186: [CMS-concurrent-mark: 0.012/0.012 secs] [Times: user=0.00 sys=0.00, real=0.01 secs] 
2020-06-10T14:32:55.920+0800: 10.187: [CMS-concurrent-preclean-start]
2020-06-10T14:32:55.922+0800: 10.188: [CMS-concurrent-preclean: 0.002/0.002 secs] [Times: user=0.00 sys=0.00, real=0.00 secs] 
2020-06-10T14:32:55.922+0800: 10.189: [CMS-concurrent-abortable-preclean-start]
 CMS: abort preclean due to time 2020-06-10T14:33:00.961+0800: 15.228: [CMS-concurrent-abortable-preclean: 0.631/5.040 secs] [Times: user=0.66 sys=0.08, real=5.04 secs] 
2020-06-10T14:33:00.961+0800: 15.228: [GC (CMS Final Remark) [YG occupancy: 64759 K (78016 K)]2020-06-10T14:33:00.961+0800: 15.229: [Rescan (parallel) , 0.0205132 secs]2020-06-10T14:33:00.982+0800: 15.249: [weak refs processing, 0.0004148 secs]2020-06-10T14:33:00.982+0800: 15.250: [class unloading, 0.0043912 secs]2020-06-10T14:33:00.986+0800: 15.254: [scrub symbol table, 0.0065165 secs]2020-06-10T14:33:00.993+0800: 15.261: [scrub string table, 0.0004476 secs][1 CMS-remark: 16827K(173440K)] 81586K(251456K), 0.0328477 secs] [Times: user=0.13 sys=0.00, real=0.03 secs] 
2020-06-10T14:33:00.994+0800: 15.262: [CMS-concurrent-sweep-start]
2020-06-10T14:33:00.999+0800: 15.267: [CMS-concurrent-sweep: 0.005/0.005 secs] [Times: user=0.00 sys=0.00, real=0.01 secs] 
2020-06-10T14:33:00.999+0800: 15.267: [CMS-concurrent-reset-start]
2020-06-10T14:33:01.002+0800: 15.269: [CMS-concurrent-reset: 0.002/0.002 secs] [Times: user=0.01 sys=0.00, real=0.00 secs] 
2020-06-10T14:33:24.806+0800: 39.073: [GC (Allocation Failure) 2020-06-10T14:33:24.806+0800: 39.073: [ParNew: 76261K->4410K(78016K), 0.0053509 secs] 91373K->21610K(251456K), 0.0054514 secs] [Times: user=0.00 sys=0.00, real=0.01 secs] 
2020-06-10T14:35:45.806+0800: 180.074: [GC (Allocation Failure) 2020-06-10T14:35:45.807+0800: 180.074: [ParNew: 73786K->2054K(78016K), 0.0021341 secs] 90986K->19253K(251456K), 0.0022159 secs] [Times: user=0.00 sys=0.00, real=0.00 secs] 
2020-06-10T14:38:06.744+0800: 321.012: [GC (Allocation Failure) 2020-06-10T14:38:06.744+0800: 321.012: [ParNew: 71430K->2845K(78016K), 0.0025253 secs] 88629K->20044K(251456K), 0.0026311 secs] [Times: user=0.00 sys=0.00, real=0.00 secs] 
