Java HotSpot(TM) 64-Bit Server VM (25.131-b11) for windows-amd64 JRE (1.8.0_131-b11), built on Mar 15 2017 01:23:53 by "java_re" with MS VC++ 10.0 (VS2010)
Memory: 4k page, physical 16627532k(4383400k free), swap 26064716k(4485256k free)
CommandLine flags: -XX:-BytecodeVerificationLocal -XX:-BytecodeVerificationRemote -XX:InitialHeapSize=524288000 -XX:+ManagementServer -XX:MaxHeapSize=524288000 -XX:+PrintGC -XX:+PrintGCDateStamps -XX:+PrintGCDetails -XX:+PrintGCTimeStamps -XX:TieredStopAtLevel=1 -XX:+UseCompressedClassPointers -XX:+UseCompressedOops -XX:+UseG1GC -XX:-UseLargePagesIndividualAllocation 
2020-06-12T15:02:33.104+0800: 22.749: [GC pause (G1 Evacuation Pause) (young), 0.0132151 secs]
   [Parallel Time: 9.7 ms, GC Workers: 8]
      [GC Worker Start (ms): Min: 22749.7, Avg: 22749.7, Max: 22749.8, Diff: 0.1]
      [Ext Root Scanning (ms): Min: 1.9, Avg: 2.6, Max: 4.9, Diff: 3.0, Sum: 20.7]
      [Update RS (ms): Min: 0.0, Avg: 0.0, Max: 0.0, Diff: 0.0, Sum: 0.0]
         [Processed Buffers: Min: 0, Avg: 0.0, Max: 0, Diff: 0, Sum: 0]
      [Scan RS (ms): Min: 0.0, Avg: 0.0, Max: 0.0, Diff: 0.0, Sum: 0.1]
      [Code Root Scanning (ms): Min: 0.0, Avg: 0.0, Max: 0.0, Diff: 0.0, Sum: 0.0]
      [Object Copy (ms): Min: 4.2, Avg: 6.6, Max: 7.3, Diff: 3.1, Sum: 52.8]
      [Termination (ms): Min: 0.0, Avg: 0.1, Max: 0.1, Diff: 0.1, Sum: 0.6]
         [Termination Attempts: Min: 1, Avg: 42.3, Max: 58, Diff: 57, Sum: 338]
      [GC Worker Other (ms): Min: 0.1, Avg: 0.2, Max: 0.3, Diff: 0.2, Sum: 1.4]
      [GC Worker Total (ms): Min: 9.4, Avg: 9.4, Max: 9.5, Diff: 0.1, Sum: 75.6]
      [GC Worker End (ms): Min: 22759.2, Avg: 22759.2, Max: 22759.2, Diff: 0.0]
   [Code Root Fixup: 0.0 ms]
   [Code Root Purge: 0.0 ms]
   [Clear CT: 0.3 ms]
   [Other: 3.2 ms]
      [Choose CSet: 0.0 ms]
      [Ref Proc: 2.6 ms]
      [Ref Enq: 0.0 ms]
      [Redirty Cards: 0.2 ms]
      [Humongous Register: 0.0 ms]
      [Humongous Reclaim: 0.0 ms]
      [Free CSet: 0.0 ms]
   [Eden: 25.0M(25.0M)->0.0B(29.0M) Survivors: 0.0B->4096.0K Heap: 25.0M(500.0M)->4426.5K(500.0M)]
 [Times: user=0.09 sys=0.03, real=0.01 secs] 
2020-06-12T15:02:35.590+0800: 25.236: [GC pause (G1 Evacuation Pause) (young), 0.0186798 secs]
   [Parallel Time: 13.8 ms, GC Workers: 8]
      [GC Worker Start (ms): Min: 25235.6, Avg: 25235.7, Max: 25235.8, Diff: 0.2]
      [Ext Root Scanning (ms): Min: 0.3, Avg: 0.9, Max: 3.3, Diff: 3.0, Sum: 7.5]
      [Update RS (ms): Min: 0.0, Avg: 0.0, Max: 0.3, Diff: 0.3, Sum: 0.3]
         [Processed Buffers: Min: 0, Avg: 0.1, Max: 1, Diff: 1, Sum: 1]
      [Scan RS (ms): Min: 0.0, Avg: 0.0, Max: 0.0, Diff: 0.0, Sum: 0.0]
      [Code Root Scanning (ms): Min: 0.0, Avg: 0.0, Max: 0.0, Diff: 0.0, Sum: 0.0]
      [Object Copy (ms): Min: 9.9, Avg: 12.1, Max: 12.7, Diff: 2.8, Sum: 96.8]
      [Termination (ms): Min: 0.0, Avg: 0.3, Max: 0.5, Diff: 0.4, Sum: 2.3]
         [Termination Attempts: Min: 1, Avg: 61.0, Max: 79, Diff: 78, Sum: 488]
      [GC Worker Other (ms): Min: 0.0, Avg: 0.0, Max: 0.0, Diff: 0.0, Sum: 0.1]
      [GC Worker Total (ms): Min: 13.1, Avg: 13.4, Max: 13.6, Diff: 0.5, Sum: 107.0]
      [GC Worker End (ms): Min: 25248.9, Avg: 25249.1, Max: 25249.3, Diff: 0.4]
   [Code Root Fixup: 0.0 ms]
   [Code Root Purge: 0.0 ms]
   [Clear CT: 0.3 ms]
   [Other: 4.6 ms]
      [Choose CSet: 0.0 ms]
      [Ref Proc: 3.9 ms]
      [Ref Enq: 0.0 ms]
      [Redirty Cards: 0.3 ms]
      [Humongous Register: 0.0 ms]
      [Humongous Reclaim: 0.0 ms]
      [Free CSet: 0.1 ms]
   [Eden: 29.0M(29.0M)->0.0B(59.0M) Survivors: 4096.0K->5120.0K Heap: 33.3M(500.0M)->10173.5K(500.0M)]
 [Times: user=0.13 sys=0.00, real=0.02 secs] 
2020-06-12T15:02:47.946+0800: 37.591: [GC pause (G1 Evacuation Pause) (young), 0.0163386 secs]
   [Parallel Time: 11.5 ms, GC Workers: 8]
      [GC Worker Start (ms): Min: 37591.1, Avg: 37594.0, Max: 37602.3, Diff: 11.2]
      [Ext Root Scanning (ms): Min: 0.0, Avg: 0.7, Max: 2.2, Diff: 2.2, Sum: 5.4]
      [Update RS (ms): Min: 0.0, Avg: 0.7, Max: 1.3, Diff: 1.3, Sum: 5.5]
         [Processed Buffers: Min: 0, Avg: 1.6, Max: 6, Diff: 6, Sum: 13]
      [Scan RS (ms): Min: 0.0, Avg: 0.4, Max: 0.8, Diff: 0.8, Sum: 3.3]
      [Code Root Scanning (ms): Min: 0.0, Avg: 0.0, Max: 0.0, Diff: 0.0, Sum: 0.0]
      [Object Copy (ms): Min: 0.0, Avg: 6.5, Max: 9.1, Diff: 9.1, Sum: 51.7]
      [Termination (ms): Min: 0.0, Avg: 0.2, Max: 0.3, Diff: 0.3, Sum: 1.7]
         [Termination Attempts: Min: 1, Avg: 1.3, Max: 2, Diff: 1, Sum: 10]
      [GC Worker Other (ms): Min: 0.0, Avg: 0.0, Max: 0.0, Diff: 0.0, Sum: 0.1]
      [GC Worker Total (ms): Min: 0.0, Avg: 8.5, Max: 11.4, Diff: 11.4, Sum: 67.8]
      [GC Worker End (ms): Min: 37602.4, Avg: 37602.5, Max: 37602.6, Diff: 0.2]
   [Code Root Fixup: 0.0 ms]
   [Code Root Purge: 0.0 ms]
   [Clear CT: 0.3 ms]
   [Other: 4.5 ms]
      [Choose CSet: 0.0 ms]
      [Ref Proc: 3.8 ms]
      [Ref Enq: 0.0 ms]
      [Redirty Cards: 0.3 ms]
      [Humongous Register: 0.0 ms]
      [Humongous Reclaim: 0.0 ms]
      [Free CSet: 0.1 ms]
   [Eden: 47.0M(47.0M)->0.0B(293.0M) Survivors: 5120.0K->7168.0K Heap: 56.9M(500.0M)->12.4M(500.0M)]
 [Times: user=0.08 sys=0.02, real=0.02 secs] 
2020-06-12T15:02:58.843+0800: 48.489: [GC pause (Metadata GC Threshold) (young) (initial-mark), 0.0146349 secs]
   [Parallel Time: 10.9 ms, GC Workers: 8]
      [GC Worker Start (ms): Min: 48489.0, Avg: 48489.3, Max: 48490.6, Diff: 1.7]
      [Ext Root Scanning (ms): Min: 1.3, Avg: 2.4, Max: 3.0, Diff: 1.7, Sum: 19.2]
      [Update RS (ms): Min: 0.5, Avg: 1.0, Max: 2.0, Diff: 1.5, Sum: 8.1]
         [Processed Buffers: Min: 1, Avg: 1.8, Max: 4, Diff: 3, Sum: 14]
      [Scan RS (ms): Min: 0.0, Avg: 0.0, Max: 0.0, Diff: 0.0, Sum: 0.1]
      [Code Root Scanning (ms): Min: 0.0, Avg: 0.0, Max: 0.0, Diff: 0.0, Sum: 0.0]
      [Object Copy (ms): Min: 6.0, Avg: 6.8, Max: 7.6, Diff: 1.6, Sum: 54.2]
      [Termination (ms): Min: 0.0, Avg: 0.0, Max: 0.0, Diff: 0.0, Sum: 0.0]
         [Termination Attempts: Min: 1, Avg: 1.1, Max: 2, Diff: 1, Sum: 9]
      [GC Worker Other (ms): Min: 0.0, Avg: 0.0, Max: 0.0, Diff: 0.0, Sum: 0.2]
      [GC Worker Total (ms): Min: 8.8, Avg: 10.2, Max: 10.5, Diff: 1.7, Sum: 81.7]
      [GC Worker End (ms): Min: 48499.5, Avg: 48499.5, Max: 48499.5, Diff: 0.0]
   [Code Root Fixup: 0.0 ms]
   [Code Root Purge: 0.0 ms]
   [Clear CT: 0.4 ms]
   [Other: 3.4 ms]
      [Choose CSet: 0.0 ms]
      [Ref Proc: 2.6 ms]
      [Ref Enq: 0.0 ms]
      [Redirty Cards: 0.5 ms]
      [Humongous Register: 0.0 ms]
      [Humongous Reclaim: 0.0 ms]
      [Free CSet: 0.0 ms]
   [Eden: 26.0M(293.0M)->0.0B(292.0M) Survivors: 7168.0K->8192.0K Heap: 37.9M(500.0M)->13.4M(500.0M)]
 [Times: user=0.03 sys=0.00, real=0.02 secs] 
2020-06-12T15:02:58.859+0800: 48.504: [GC concurrent-root-region-scan-start]
2020-06-12T15:02:58.871+0800: 48.516: [GC concurrent-root-region-scan-end, 0.0120939 secs]
2020-06-12T15:02:58.871+0800: 48.516: [GC concurrent-mark-start]
2020-06-12T15:02:58.891+0800: 48.536: [GC concurrent-mark-end, 0.0201850 secs]
2020-06-12T15:02:58.893+0800: 48.538: [GC remark 2020-06-12T15:02:58.893+0800: 48.538: [Finalize Marking, 0.0005635 secs] 2020-06-12T15:02:58.893+0800: 48.539: [GC ref-proc, 0.0091765 secs] 2020-06-12T15:02:58.903+0800: 48.548: [Unloading, 0.0043455 secs], 0.0148905 secs]
 [Times: user=0.02 sys=0.00, real=0.02 secs] 
2020-06-12T15:02:58.908+0800: 48.554: [GC cleanup 14M->13M(500M), 0.0018021 secs]
 [Times: user=0.00 sys=0.00, real=0.00 secs] 
2020-06-12T15:02:58.910+0800: 48.556: [GC concurrent-cleanup-start]
2020-06-12T15:02:58.910+0800: 48.556: [GC concurrent-cleanup-end, 0.0000314 secs]
2020-06-12T15:03:09.836+0800: 59.482: [GC pause (G1 Evacuation Pause) (young), 0.0729999 secs]
   [Parallel Time: 32.7 ms, GC Workers: 8]
      [GC Worker Start (ms): Min: 59483.3, Avg: 59483.6, Max: 59484.0, Diff: 0.6]
      [Ext Root Scanning (ms): Min: 0.8, Avg: 3.7, Max: 11.6, Diff: 10.9, Sum: 29.7]
      [Update RS (ms): Min: 0.0, Avg: 1.5, Max: 2.4, Diff: 2.4, Sum: 11.7]
         [Processed Buffers: Min: 0, Avg: 2.9, Max: 9, Diff: 9, Sum: 23]
      [Scan RS (ms): Min: 0.0, Avg: 0.1, Max: 0.2, Diff: 0.2, Sum: 0.7]
      [Code Root Scanning (ms): Min: 0.0, Avg: 3.0, Max: 7.8, Diff: 7.8, Sum: 24.3]
      [Object Copy (ms): Min: 19.0, Avg: 23.5, Max: 27.7, Diff: 8.7, Sum: 187.9]
      [Termination (ms): Min: 0.0, Avg: 0.2, Max: 0.3, Diff: 0.3, Sum: 1.9]
         [Termination Attempts: Min: 1, Avg: 1.0, Max: 1, Diff: 0, Sum: 8]
      [GC Worker Other (ms): Min: 0.0, Avg: 0.1, Max: 0.2, Diff: 0.1, Sum: 0.8]
      [GC Worker Total (ms): Min: 31.8, Avg: 32.1, Max: 32.4, Diff: 0.6, Sum: 257.0]
      [GC Worker End (ms): Min: 59515.7, Avg: 59515.8, Max: 59515.8, Diff: 0.2]
   [Code Root Fixup: 1.1 ms]
   [Code Root Purge: 0.4 ms]
   [Clear CT: 0.5 ms]
   [Other: 38.3 ms]
      [Choose CSet: 0.0 ms]
      [Ref Proc: 34.5 ms]
      [Ref Enq: 0.1 ms]
      [Redirty Cards: 0.3 ms]
      [Humongous Register: 0.2 ms]
      [Humongous Reclaim: 0.0 ms]
      [Free CSet: 2.1 ms]
   [Eden: 292.0M(292.0M)->0.0B(282.0M) Survivors: 8192.0K->18.0M Heap: 304.0M(500.0M)->22.0M(500.0M)]
 [Times: user=0.22 sys=0.06, real=0.07 secs] 
2020-06-12T15:03:10.655+0800: 60.301: [GC pause (Metadata GC Threshold) (young) (initial-mark), 0.0323722 secs]
   [Parallel Time: 24.3 ms, GC Workers: 8]
      [GC Worker Start (ms): Min: 60301.7, Avg: 60301.9, Max: 60302.1, Diff: 0.5]
      [Ext Root Scanning (ms): Min: 4.8, Avg: 5.9, Max: 8.1, Diff: 3.3, Sum: 47.0]
      [Update RS (ms): Min: 0.0, Avg: 0.9, Max: 1.4, Diff: 1.4, Sum: 7.0]
         [Processed Buffers: Min: 0, Avg: 1.6, Max: 6, Diff: 6, Sum: 13]
      [Scan RS (ms): Min: 0.0, Avg: 0.0, Max: 0.1, Diff: 0.0, Sum: 0.1]
      [Code Root Scanning (ms): Min: 0.0, Avg: 1.2, Max: 3.5, Diff: 3.5, Sum: 9.8]
      [Object Copy (ms): Min: 12.6, Avg: 15.7, Max: 17.5, Diff: 4.9, Sum: 125.4]
      [Termination (ms): Min: 0.0, Avg: 0.0, Max: 0.0, Diff: 0.0, Sum: 0.0]
         [Termination Attempts: Min: 1, Avg: 1.0, Max: 1, Diff: 0, Sum: 8]
      [GC Worker Other (ms): Min: 0.0, Avg: 0.0, Max: 0.1, Diff: 0.1, Sum: 0.3]
      [GC Worker Total (ms): Min: 23.5, Avg: 23.7, Max: 23.9, Diff: 0.5, Sum: 189.6]
      [GC Worker End (ms): Min: 60325.6, Avg: 60325.6, Max: 60325.6, Diff: 0.0]
   [Code Root Fixup: 1.0 ms]
   [Code Root Purge: 0.0 ms]
   [Clear CT: 0.5 ms]
   [Other: 6.5 ms]
      [Choose CSet: 0.0 ms]
      [Ref Proc: 5.0 ms]
      [Ref Enq: 0.0 ms]
      [Redirty Cards: 0.3 ms]
      [Humongous Register: 0.0 ms]
      [Humongous Reclaim: 0.0 ms]
      [Free CSet: 0.4 ms]
   [Eden: 47.0M(282.0M)->0.0B(286.0M) Survivors: 18.0M->14.0M Heap: 68.5M(500.0M)->17.5M(500.0M)]
 [Times: user=0.14 sys=0.02, real=0.03 secs] 
2020-06-12T15:03:10.688+0800: 60.334: [GC concurrent-root-region-scan-start]
2020-06-12T15:03:10.717+0800: 60.363: [GC concurrent-root-region-scan-end, 0.0286428 secs]
2020-06-12T15:03:10.717+0800: 60.363: [GC concurrent-mark-start]
2020-06-12T15:03:10.738+0800: 60.384: [GC concurrent-mark-end, 0.0204275 secs]
2020-06-12T15:03:10.741+0800: 60.386: [GC remark 2020-06-12T15:03:10.741+0800: 60.386: [Finalize Marking, 0.0006378 secs] 2020-06-12T15:03:10.741+0800: 60.387: [GC ref-proc, 0.0178410 secs] 2020-06-12T15:03:10.759+0800: 60.405: [Unloading, 0.0108217 secs], 0.0301608 secs]
 [Times: user=0.06 sys=0.08, real=0.03 secs] 
2020-06-12T15:03:10.771+0800: 60.417: [GC cleanup 19M->19M(500M), 0.0019055 secs]
 [Times: user=0.00 sys=0.00, real=0.00 secs] 
2020-06-12T15:03:15.714+0800: 65.360: [GC pause (G1 Evacuation Pause) (young), 0.0335513 secs]
   [Parallel Time: 22.7 ms, GC Workers: 8]
      [GC Worker Start (ms): Min: 65359.9, Avg: 65360.8, Max: 65363.4, Diff: 3.5]
      [Ext Root Scanning (ms): Min: 0.0, Avg: 1.1, Max: 3.3, Diff: 3.3, Sum: 8.8]
      [Update RS (ms): Min: 0.0, Avg: 0.6, Max: 1.4, Diff: 1.4, Sum: 4.7]
         [Processed Buffers: Min: 0, Avg: 1.9, Max: 7, Diff: 7, Sum: 15]
      [Scan RS (ms): Min: 0.0, Avg: 0.1, Max: 0.2, Diff: 0.2, Sum: 0.5]
      [Code Root Scanning (ms): Min: 0.0, Avg: 3.0, Max: 18.8, Diff: 18.8, Sum: 24.0]
      [Object Copy (ms): Min: 0.0, Avg: 16.5, Max: 20.8, Diff: 20.8, Sum: 132.3]
      [Termination (ms): Min: 0.0, Avg: 0.3, Max: 0.4, Diff: 0.4, Sum: 2.1]
         [Termination Attempts: Min: 1, Avg: 21.1, Max: 40, Diff: 39, Sum: 169]
      [GC Worker Other (ms): Min: 0.0, Avg: 0.1, Max: 0.1, Diff: 0.1, Sum: 0.4]
      [GC Worker Total (ms): Min: 19.0, Avg: 21.6, Max: 22.6, Diff: 3.6, Sum: 172.9]
      [GC Worker End (ms): Min: 65382.3, Avg: 65382.4, Max: 65382.5, Diff: 0.2]
   [Code Root Fixup: 1.1 ms]
   [Code Root Purge: 0.1 ms]
   [Clear CT: 0.3 ms]
   [Other: 9.4 ms]
      [Choose CSet: 0.0 ms]
      [Ref Proc: 8.5 ms]
      [Ref Enq: 0.1 ms]
      [Redirty Cards: 0.3 ms]
      [Humongous Register: 0.0 ms]
      [Humongous Reclaim: 0.0 ms]
      [Free CSet: 0.4 ms]
   [Eden: 286.0M(286.0M)->0.0B(280.0M) Survivors: 14.0M->20.0M Heap: 303.5M(500.0M)->24.0M(500.0M)]
 [Times: user=0.22 sys=0.00, real=0.03 secs] 
2020-06-12T15:03:19.255+0800: 68.901: [GC pause (G1 Evacuation Pause) (young), 0.0294614 secs]
   [Parallel Time: 22.4 ms, GC Workers: 8]
      [GC Worker Start (ms): Min: 68900.8, Avg: 68901.3, Max: 68903.8, Diff: 3.0]
      [Ext Root Scanning (ms): Min: 0.0, Avg: 1.5, Max: 5.6, Diff: 5.6, Sum: 12.4]
      [Update RS (ms): Min: 0.0, Avg: 0.6, Max: 1.4, Diff: 1.4, Sum: 5.1]
         [Processed Buffers: Min: 0, Avg: 1.6, Max: 8, Diff: 8, Sum: 13]
      [Scan RS (ms): Min: 0.0, Avg: 0.1, Max: 0.1, Diff: 0.1, Sum: 0.5]
      [Code Root Scanning (ms): Min: 0.0, Avg: 0.8, Max: 1.8, Diff: 1.8, Sum: 6.2]
      [Object Copy (ms): Min: 16.6, Avg: 18.8, Max: 20.0, Diff: 3.4, Sum: 150.1]
      [Termination (ms): Min: 0.0, Avg: 0.0, Max: 0.0, Diff: 0.0, Sum: 0.0]
         [Termination Attempts: Min: 1, Avg: 3.0, Max: 5, Diff: 4, Sum: 24]
      [GC Worker Other (ms): Min: 0.0, Avg: 0.1, Max: 0.1, Diff: 0.1, Sum: 0.6]
      [GC Worker Total (ms): Min: 19.3, Avg: 21.9, Max: 22.3, Diff: 3.0, Sum: 175.0]
      [GC Worker End (ms): Min: 68923.1, Avg: 68923.1, Max: 68923.2, Diff: 0.1]
   [Code Root Fixup: 1.4 ms]
   [Code Root Purge: 0.0 ms]
   [Clear CT: 0.3 ms]
   [Other: 5.3 ms]
      [Choose CSet: 0.0 ms]
      [Ref Proc: 4.5 ms]
      [Ref Enq: 0.0 ms]
      [Redirty Cards: 0.2 ms]
      [Humongous Register: 0.0 ms]
      [Humongous Reclaim: 0.0 ms]
      [Free CSet: 0.4 ms]
   [Eden: 280.0M(280.0M)->0.0B(280.0M) Survivors: 20.0M->20.0M Heap: 304.0M(500.0M)->24.0M(500.0M)]
 [Times: user=0.14 sys=0.00, real=0.03 secs] 
2020-06-12T15:03:25.077+0800: 74.723: [GC pause (G1 Evacuation Pause) (young), 0.0485102 secs]
   [Parallel Time: 28.8 ms, GC Workers: 8]
      [GC Worker Start (ms): Min: 74722.7, Avg: 74722.7, Max: 74722.8, Diff: 0.1]
      [Ext Root Scanning (ms): Min: 0.6, Avg: 2.4, Max: 7.4, Diff: 6.8, Sum: 19.5]
      [Update RS (ms): Min: 0.0, Avg: 0.9, Max: 1.8, Diff: 1.8, Sum: 7.0]
         [Processed Buffers: Min: 0, Avg: 1.6, Max: 3, Diff: 3, Sum: 13]
      [Scan RS (ms): Min: 0.0, Avg: 0.1, Max: 0.2, Diff: 0.2, Sum: 0.5]
      [Code Root Scanning (ms): Min: 0.0, Avg: 1.2, Max: 2.4, Diff: 2.4, Sum: 9.8]
      [Object Copy (ms): Min: 21.2, Avg: 24.0, Max: 26.2, Diff: 5.0, Sum: 191.9]
      [Termination (ms): Min: 0.0, Avg: 0.0, Max: 0.0, Diff: 0.0, Sum: 0.0]
         [Termination Attempts: Min: 1, Avg: 8.5, Max: 17, Diff: 16, Sum: 68]
      [GC Worker Other (ms): Min: 0.0, Avg: 0.1, Max: 0.1, Diff: 0.1, Sum: 0.6]
      [GC Worker Total (ms): Min: 28.5, Avg: 28.7, Max: 28.8, Diff: 0.2, Sum: 229.2]
      [GC Worker End (ms): Min: 74751.3, Avg: 74751.4, Max: 74751.4, Diff: 0.1]
   [Code Root Fixup: 2.0 ms]
   [Code Root Purge: 0.1 ms]
   [Clear CT: 0.3 ms]
   [Other: 17.3 ms]
      [Choose CSet: 0.0 ms]
      [Ref Proc: 16.1 ms]
      [Ref Enq: 0.1 ms]
      [Redirty Cards: 0.3 ms]
      [Humongous Register: 0.0 ms]
      [Humongous Reclaim: 0.0 ms]
      [Free CSet: 0.6 ms]
   [Eden: 280.0M(280.0M)->0.0B(273.0M) Survivors: 20.0M->27.0M Heap: 304.0M(500.0M)->30.5M(500.0M)]
 [Times: user=0.27 sys=0.00, real=0.05 secs] 
2020-06-12T15:03:28.963+0800: 78.608: [GC pause (G1 Evacuation Pause) (young), 0.0396063 secs]
   [Parallel Time: 29.1 ms, GC Workers: 8]
      [GC Worker Start (ms): Min: 78608.0, Avg: 78608.1, Max: 78608.1, Diff: 0.1]
      [Ext Root Scanning (ms): Min: 0.4, Avg: 1.9, Max: 6.8, Diff: 6.3, Sum: 15.1]
      [Update RS (ms): Min: 0.0, Avg: 0.5, Max: 0.8, Diff: 0.8, Sum: 4.0]
         [Processed Buffers: Min: 0, Avg: 1.5, Max: 5, Diff: 5, Sum: 12]
      [Scan RS (ms): Min: 0.0, Avg: 0.0, Max: 0.1, Diff: 0.1, Sum: 0.4]
      [Code Root Scanning (ms): Min: 0.0, Avg: 1.1, Max: 2.2, Diff: 2.2, Sum: 8.4]
      [Object Copy (ms): Min: 22.1, Avg: 25.4, Max: 27.4, Diff: 5.2, Sum: 203.1]
      [Termination (ms): Min: 0.0, Avg: 0.0, Max: 0.0, Diff: 0.0, Sum: 0.1]
         [Termination Attempts: Min: 1, Avg: 19.4, Max: 27, Diff: 26, Sum: 155]
      [GC Worker Other (ms): Min: 0.0, Avg: 0.0, Max: 0.1, Diff: 0.1, Sum: 0.3]
      [GC Worker Total (ms): Min: 28.8, Avg: 28.9, Max: 29.0, Diff: 0.1, Sum: 231.4]
      [GC Worker End (ms): Min: 78637.0, Avg: 78637.0, Max: 78637.0, Diff: 0.1]
   [Code Root Fixup: 1.7 ms]
   [Code Root Purge: 0.0 ms]
   [Clear CT: 0.3 ms]
   [Other: 8.5 ms]
      [Choose CSet: 0.0 ms]
      [Ref Proc: 7.4 ms]
      [Ref Enq: 0.1 ms]
      [Redirty Cards: 0.2 ms]
      [Humongous Register: 0.0 ms]
      [Humongous Reclaim: 0.0 ms]
      [Free CSet: 0.6 ms]
   [Eden: 273.0M(273.0M)->0.0B(271.0M) Survivors: 27.0M->29.0M Heap: 303.5M(500.0M)->33.0M(500.0M)]
 [Times: user=0.27 sys=0.00, real=0.04 secs] 
2020-06-12T15:03:29.451+0800: 79.096: [GC pause (Metadata GC Threshold) (young) (initial-mark), 0.0430428 secs]
   [Parallel Time: 37.9 ms, GC Workers: 8]
      [GC Worker Start (ms): Min: 79096.6, Avg: 79096.7, Max: 79096.8, Diff: 0.1]
      [Ext Root Scanning (ms): Min: 3.7, Avg: 4.2, Max: 5.1, Diff: 1.5, Sum: 33.4]
      [Update RS (ms): Min: 0.0, Avg: 0.6, Max: 1.1, Diff: 1.1, Sum: 4.5]
         [Processed Buffers: Min: 1, Avg: 1.4, Max: 2, Diff: 1, Sum: 11]
      [Scan RS (ms): Min: 0.0, Avg: 0.0, Max: 0.0, Diff: 0.0, Sum: 0.1]
      [Code Root Scanning (ms): Min: 0.0, Avg: 1.3, Max: 2.8, Diff: 2.8, Sum: 10.3]
      [Object Copy (ms): Min: 29.9, Avg: 31.4, Max: 32.8, Diff: 2.9, Sum: 251.6]
      [Termination (ms): Min: 0.0, Avg: 0.0, Max: 0.0, Diff: 0.0, Sum: 0.2]
         [Termination Attempts: Min: 2, Avg: 25.6, Max: 42, Diff: 40, Sum: 205]
      [GC Worker Other (ms): Min: 0.0, Avg: 0.0, Max: 0.1, Diff: 0.1, Sum: 0.2]
      [GC Worker Total (ms): Min: 37.5, Avg: 37.5, Max: 37.6, Diff: 0.1, Sum: 300.4]
      [GC Worker End (ms): Min: 79134.2, Avg: 79134.2, Max: 79134.3, Diff: 0.1]
   [Code Root Fixup: 1.5 ms]
   [Code Root Purge: 0.0 ms]
   [Clear CT: 0.3 ms]
   [Other: 3.3 ms]
      [Choose CSet: 0.0 ms]
      [Ref Proc: 2.7 ms]
      [Ref Enq: 0.0 ms]
      [Redirty Cards: 0.2 ms]
      [Humongous Register: 0.0 ms]
      [Humongous Reclaim: 0.0 ms]
      [Free CSet: 0.2 ms]
   [Eden: 48.0M(271.0M)->0.0B(278.0M) Survivors: 29.0M->22.0M Heap: 81.0M(500.0M)->30.7M(500.0M)]
 [Times: user=0.27 sys=0.00, real=0.04 secs] 
2020-06-12T15:03:29.495+0800: 79.140: [GC concurrent-root-region-scan-start]
2020-06-12T15:03:29.527+0800: 79.172: [GC concurrent-root-region-scan-end, 0.0325701 secs]
2020-06-12T15:03:29.527+0800: 79.172: [GC concurrent-mark-start]
2020-06-12T15:03:29.548+0800: 79.193: [GC concurrent-mark-end, 0.0209895 secs]
2020-06-12T15:03:29.549+0800: 79.194: [GC remark 2020-06-12T15:03:29.549+0800: 79.194: [Finalize Marking, 0.0004263 secs] 2020-06-12T15:03:29.549+0800: 79.194: [GC ref-proc, 0.0112437 secs] 2020-06-12T15:03:29.560+0800: 79.206: [Unloading, 0.0124198 secs], 0.0246591 secs]
 [Times: user=0.13 sys=0.00, real=0.02 secs] 
2020-06-12T15:03:29.574+0800: 79.219: [GC cleanup 34M->34M(500M), 0.0012117 secs]
 [Times: user=0.00 sys=0.00, real=0.00 secs] 
2020-06-12T15:03:31.925+0800: 81.570: [GC pause (G1 Evacuation Pause) (young), 0.0395761 secs]
   [Parallel Time: 31.7 ms, GC Workers: 8]
      [GC Worker Start (ms): Min: 81570.1, Avg: 81570.3, Max: 81571.7, Diff: 1.6]
      [Ext Root Scanning (ms): Min: 0.0, Avg: 1.2, Max: 5.8, Diff: 5.8, Sum: 9.9]
      [Update RS (ms): Min: 0.0, Avg: 1.1, Max: 1.9, Diff: 1.9, Sum: 9.0]
         [Processed Buffers: Min: 0, Avg: 2.5, Max: 7, Diff: 7, Sum: 20]
      [Scan RS (ms): Min: 0.0, Avg: 0.3, Max: 0.8, Diff: 0.8, Sum: 2.6]
      [Code Root Scanning (ms): Min: 0.0, Avg: 1.0, Max: 2.1, Diff: 2.1, Sum: 8.1]
      [Object Copy (ms): Min: 25.7, Avg: 27.5, Max: 29.1, Diff: 3.4, Sum: 220.1]
      [Termination (ms): Min: 0.0, Avg: 0.0, Max: 0.0, Diff: 0.0, Sum: 0.1]
         [Termination Attempts: Min: 1, Avg: 21.6, Max: 31, Diff: 30, Sum: 173]
      [GC Worker Other (ms): Min: 0.0, Avg: 0.1, Max: 0.2, Diff: 0.1, Sum: 0.9]
      [GC Worker Total (ms): Min: 29.8, Avg: 31.3, Max: 31.6, Diff: 1.8, Sum: 250.5]
      [GC Worker End (ms): Min: 81601.6, Avg: 81601.7, Max: 81601.7, Diff: 0.1]
   [Code Root Fixup: 1.5 ms]
   [Code Root Purge: 0.0 ms]
   [Clear CT: 0.3 ms]
   [Other: 6.0 ms]
      [Choose CSet: 0.0 ms]
      [Ref Proc: 5.1 ms]
      [Ref Enq: 0.1 ms]
      [Redirty Cards: 0.3 ms]
      [Humongous Register: 0.0 ms]
      [Humongous Reclaim: 0.0 ms]
      [Free CSet: 0.3 ms]
   [Eden: 278.0M(278.0M)->0.0B(271.0M) Survivors: 22.0M->29.0M Heap: 308.7M(500.0M)->37.2M(500.0M)]
 [Times: user=0.25 sys=0.00, real=0.04 secs] 
2020-06-12T15:03:34.134+0800: 83.780: [GC pause (G1 Evacuation Pause) (young), 0.0414719 secs]
   [Parallel Time: 33.8 ms, GC Workers: 8]
      [GC Worker Start (ms): Min: 83780.0, Avg: 83780.0, Max: 83780.1, Diff: 0.1]
      [Ext Root Scanning (ms): Min: 0.5, Avg: 2.1, Max: 6.6, Diff: 6.1, Sum: 17.0]
      [Update RS (ms): Min: 0.0, Avg: 0.6, Max: 1.5, Diff: 1.5, Sum: 4.4]
         [Processed Buffers: Min: 0, Avg: 1.5, Max: 4, Diff: 4, Sum: 12]
      [Scan RS (ms): Min: 0.0, Avg: 0.1, Max: 0.1, Diff: 0.1, Sum: 0.4]
      [Code Root Scanning (ms): Min: 0.0, Avg: 3.8, Max: 21.9, Diff: 21.9, Sum: 30.0]
      [Object Copy (ms): Min: 10.2, Avg: 27.1, Max: 33.0, Diff: 22.8, Sum: 217.1]
      [Termination (ms): Min: 0.0, Avg: 0.0, Max: 0.0, Diff: 0.0, Sum: 0.1]
         [Termination Attempts: Min: 1, Avg: 49.5, Max: 62, Diff: 61, Sum: 396]
      [GC Worker Other (ms): Min: 0.0, Avg: 0.0, Max: 0.1, Diff: 0.1, Sum: 0.3]
      [GC Worker Total (ms): Min: 33.6, Avg: 33.7, Max: 33.8, Diff: 0.1, Sum: 269.4]
      [GC Worker End (ms): Min: 83813.7, Avg: 83813.7, Max: 83813.7, Diff: 0.1]
   [Code Root Fixup: 1.5 ms]
   [Code Root Purge: 0.0 ms]
   [Clear CT: 0.3 ms]
   [Other: 5.8 ms]
      [Choose CSet: 0.0 ms]
      [Ref Proc: 5.1 ms]
      [Ref Enq: 0.1 ms]
      [Redirty Cards: 0.2 ms]
      [Humongous Register: 0.0 ms]
      [Humongous Reclaim: 0.0 ms]
      [Free CSet: 0.3 ms]
   [Eden: 271.0M(271.0M)->0.0B(273.0M) Survivors: 29.0M->27.0M Heap: 308.2M(500.0M)->39.9M(500.0M)]
 [Times: user=0.23 sys=0.00, real=0.04 secs] 
2020-06-12T15:03:37.065+0800: 86.711: [GC pause (G1 Evacuation Pause) (young), 0.0362111 secs]
   [Parallel Time: 30.9 ms, GC Workers: 8]
      [GC Worker Start (ms): Min: 86710.9, Avg: 86711.1, Max: 86711.6, Diff: 0.7]
      [Ext Root Scanning (ms): Min: 0.2, Avg: 1.3, Max: 5.4, Diff: 5.2, Sum: 10.2]
      [Update RS (ms): Min: 0.0, Avg: 2.7, Max: 3.3, Diff: 3.3, Sum: 21.4]
         [Processed Buffers: Min: 0, Avg: 3.9, Max: 5, Diff: 5, Sum: 31]
      [Scan RS (ms): Min: 0.0, Avg: 0.1, Max: 0.1, Diff: 0.1, Sum: 0.5]
      [Code Root Scanning (ms): Min: 0.0, Avg: 0.7, Max: 2.5, Diff: 2.5, Sum: 5.4]
      [Object Copy (ms): Min: 24.4, Avg: 25.9, Max: 26.8, Diff: 2.3, Sum: 207.2]
      [Termination (ms): Min: 0.0, Avg: 0.0, Max: 0.0, Diff: 0.0, Sum: 0.2]
         [Termination Attempts: Min: 1, Avg: 68.3, Max: 87, Diff: 86, Sum: 546]
      [GC Worker Other (ms): Min: 0.0, Avg: 0.1, Max: 0.1, Diff: 0.1, Sum: 0.4]
      [GC Worker Total (ms): Min: 30.1, Avg: 30.6, Max: 30.8, Diff: 0.7, Sum: 245.2]
      [GC Worker End (ms): Min: 86741.7, Avg: 86741.7, Max: 86741.8, Diff: 0.1]
   [Code Root Fixup: 1.0 ms]
   [Code Root Purge: 0.0 ms]
   [Clear CT: 0.3 ms]
   [Other: 4.0 ms]
      [Choose CSet: 0.0 ms]
      [Ref Proc: 3.3 ms]
      [Ref Enq: 0.1 ms]
      [Redirty Cards: 0.3 ms]
      [Humongous Register: 0.0 ms]
      [Humongous Reclaim: 0.0 ms]
      [Free CSet: 0.2 ms]
   [Eden: 273.0M(273.0M)->0.0B(272.0M) Survivors: 27.0M->28.0M Heap: 313.4M(500.0M)->47.4M(500.0M)]
 [Times: user=0.25 sys=0.00, real=0.04 secs] 
2020-06-12T15:06:29.366+0800: 259.012: [GC pause (G1 Evacuation Pause) (young), 0.0527543 secs]
   [Parallel Time: 43.7 ms, GC Workers: 8]
      [GC Worker Start (ms): Min: 259012.3, Avg: 259015.6, Max: 259038.6, Diff: 26.4]
      [Ext Root Scanning (ms): Min: 0.0, Avg: 1.5, Max: 5.9, Diff: 5.9, Sum: 12.0]
      [Update RS (ms): Min: 0.0, Avg: 1.1, Max: 1.9, Diff: 1.9, Sum: 8.6]
         [Processed Buffers: Min: 0, Avg: 3.1, Max: 12, Diff: 12, Sum: 25]
      [Scan RS (ms): Min: 0.0, Avg: 0.9, Max: 1.4, Diff: 1.4, Sum: 7.1]
      [Code Root Scanning (ms): Min: 0.0, Avg: 0.5, Max: 1.2, Diff: 1.2, Sum: 4.1]
      [Object Copy (ms): Min: 16.9, Avg: 35.9, Max: 39.4, Diff: 22.6, Sum: 287.6]
      [Termination (ms): Min: 0.0, Avg: 0.2, Max: 0.3, Diff: 0.3, Sum: 1.4]
         [Termination Attempts: Min: 1, Avg: 50.1, Max: 65, Diff: 64, Sum: 401]
      [GC Worker Other (ms): Min: 0.0, Avg: 0.0, Max: 0.0, Diff: 0.0, Sum: 0.1]
      [GC Worker Total (ms): Min: 17.1, Avg: 40.1, Max: 43.6, Diff: 26.5, Sum: 320.9]
      [GC Worker End (ms): Min: 259055.7, Avg: 259055.8, Max: 259055.9, Diff: 0.2]
   [Code Root Fixup: 1.0 ms]
   [Code Root Purge: 0.0 ms]
   [Clear CT: 0.4 ms]
   [Other: 7.6 ms]
      [Choose CSet: 0.0 ms]
      [Ref Proc: 6.6 ms]
      [Ref Enq: 0.1 ms]
      [Redirty Cards: 0.3 ms]
      [Humongous Register: 0.0 ms]
      [Humongous Reclaim: 0.0 ms]
      [Free CSet: 0.3 ms]
   [Eden: 272.0M(272.0M)->0.0B(273.0M) Survivors: 28.0M->27.0M Heap: 319.4M(500.0M)->56.4M(500.0M)]
 [Times: user=0.34 sys=0.00, real=0.05 secs] 
2020-06-12T15:14:50.961+0800: 760.606: [GC pause (G1 Evacuation Pause) (young), 0.0469431 secs]
   [Parallel Time: 41.6 ms, GC Workers: 8]
      [GC Worker Start (ms): Min: 760606.3, Avg: 760606.4, Max: 760606.5, Diff: 0.2]
      [Ext Root Scanning (ms): Min: 1.0, Avg: 3.0, Max: 14.8, Diff: 13.9, Sum: 24.0]
      [Update RS (ms): Min: 0.0, Avg: 2.8, Max: 4.6, Diff: 4.6, Sum: 22.2]
         [Processed Buffers: Min: 0, Avg: 3.6, Max: 14, Diff: 14, Sum: 29]
      [Scan RS (ms): Min: 0.0, Avg: 2.0, Max: 3.2, Diff: 3.1, Sum: 15.9]
      [Code Root Scanning (ms): Min: 0.0, Avg: 0.5, Max: 1.2, Diff: 1.2, Sum: 3.9]
      [Object Copy (ms): Min: 26.2, Avg: 32.8, Max: 34.2, Diff: 8.0, Sum: 262.1]
      [Termination (ms): Min: 0.0, Avg: 0.1, Max: 0.2, Diff: 0.2, Sum: 0.9]
         [Termination Attempts: Min: 1, Avg: 15.5, Max: 23, Diff: 22, Sum: 124]
      [GC Worker Other (ms): Min: 0.0, Avg: 0.0, Max: 0.1, Diff: 0.0, Sum: 0.2]
      [GC Worker Total (ms): Min: 41.1, Avg: 41.2, Max: 41.4, Diff: 0.3, Sum: 329.2]
      [GC Worker End (ms): Min: 760647.5, Avg: 760647.6, Max: 760647.7, Diff: 0.2]
   [Code Root Fixup: 0.7 ms]
   [Code Root Purge: 0.1 ms]
   [Clear CT: 0.4 ms]
   [Other: 4.2 ms]
      [Choose CSet: 0.0 ms]
      [Ref Proc: 2.8 ms]
      [Ref Enq: 0.0 ms]
      [Redirty Cards: 0.4 ms]
      [Humongous Register: 0.1 ms]
      [Humongous Reclaim: 0.0 ms]
      [Free CSet: 0.6 ms]
   [Eden: 273.0M(273.0M)->0.0B(281.0M) Survivors: 27.0M->19.0M Heap: 329.4M(500.0M)->53.0M(500.0M)]
 [Times: user=0.33 sys=0.00, real=0.05 secs] 
2020-06-12T15:23:36.335+0800: 1285.980: [GC pause (G1 Evacuation Pause) (young), 0.0359208 secs]
   [Parallel Time: 29.0 ms, GC Workers: 8]
      [GC Worker Start (ms): Min: 1285980.7, Avg: 1285984.7, Max: 1286009.2, Diff: 28.5]
      [Ext Root Scanning (ms): Min: 0.0, Avg: 1.4, Max: 5.4, Diff: 5.4, Sum: 11.3]
      [Update RS (ms): Min: 0.0, Avg: 2.6, Max: 3.8, Diff: 3.8, Sum: 20.5]
         [Processed Buffers: Min: 0, Avg: 3.3, Max: 11, Diff: 11, Sum: 26]
      [Scan RS (ms): Min: 0.1, Avg: 2.0, Max: 2.8, Diff: 2.7, Sum: 16.4]
      [Code Root Scanning (ms): Min: 0.0, Avg: 0.2, Max: 0.8, Diff: 0.8, Sum: 1.8]
      [Object Copy (ms): Min: 0.0, Avg: 18.1, Max: 21.1, Diff: 21.1, Sum: 144.8]
      [Termination (ms): Min: 0.0, Avg: 0.3, Max: 0.4, Diff: 0.4, Sum: 2.4]
         [Termination Attempts: Min: 1, Avg: 8.6, Max: 15, Diff: 14, Sum: 69]
      [GC Worker Other (ms): Min: 0.0, Avg: 0.0, Max: 0.1, Diff: 0.0, Sum: 0.3]
      [GC Worker Total (ms): Min: 0.1, Avg: 24.7, Max: 28.7, Diff: 28.6, Sum: 197.6]
      [GC Worker End (ms): Min: 1286009.3, Avg: 1286009.4, Max: 1286009.5, Diff: 0.3]
   [Code Root Fixup: 0.6 ms]
   [Code Root Purge: 0.0 ms]
   [Clear CT: 0.3 ms]
   [Other: 6.0 ms]
      [Choose CSet: 0.0 ms]
      [Ref Proc: 4.8 ms]
      [Ref Enq: 0.1 ms]
      [Redirty Cards: 0.4 ms]
      [Humongous Register: 0.0 ms]
      [Humongous Reclaim: 0.0 ms]
      [Free CSet: 0.4 ms]
   [Eden: 281.0M(281.0M)->0.0B(282.0M) Survivors: 19.0M->18.0M Heap: 334.0M(500.0M)->52.5M(500.0M)]
 [Times: user=0.22 sys=0.00, real=0.04 secs] 
2020-06-12T15:32:17.217+0800: 1806.863: [GC pause (G1 Evacuation Pause) (young), 0.0305356 secs]
   [Parallel Time: 26.2 ms, GC Workers: 8]
      [GC Worker Start (ms): Min: 1806863.6, Avg: 1806864.1, Max: 1806864.6, Diff: 1.0]
      [Ext Root Scanning (ms): Min: 1.2, Avg: 2.6, Max: 9.1, Diff: 7.9, Sum: 20.4]
      [Update RS (ms): Min: 2.4, Avg: 7.3, Max: 8.2, Diff: 5.9, Sum: 58.5]
         [Processed Buffers: Min: 1, Avg: 5.1, Max: 10, Diff: 9, Sum: 41]
      [Scan RS (ms): Min: 0.1, Avg: 0.3, Max: 0.5, Diff: 0.5, Sum: 2.0]
      [Code Root Scanning (ms): Min: 0.0, Avg: 0.3, Max: 1.0, Diff: 1.0, Sum: 2.3]
      [Object Copy (ms): Min: 14.4, Avg: 15.1, Max: 15.7, Diff: 1.2, Sum: 120.5]
      [Termination (ms): Min: 0.0, Avg: 0.0, Max: 0.0, Diff: 0.0, Sum: 0.0]
         [Termination Attempts: Min: 1, Avg: 9.8, Max: 14, Diff: 13, Sum: 78]
      [GC Worker Other (ms): Min: 0.0, Avg: 0.1, Max: 0.1, Diff: 0.1, Sum: 0.5]
      [GC Worker Total (ms): Min: 25.0, Avg: 25.5, Max: 26.0, Diff: 1.0, Sum: 204.2]
      [GC Worker End (ms): Min: 1806889.6, Avg: 1806889.7, Max: 1806889.7, Diff: 0.1]
   [Code Root Fixup: 0.3 ms]
   [Code Root Purge: 0.0 ms]
   [Clear CT: 0.3 ms]
   [Other: 3.8 ms]
      [Choose CSet: 0.0 ms]
      [Ref Proc: 2.9 ms]
      [Ref Enq: 0.0 ms]
      [Redirty Cards: 0.3 ms]
      [Humongous Register: 0.1 ms]
      [Humongous Reclaim: 0.0 ms]
      [Free CSet: 0.2 ms]
   [Eden: 282.0M(282.0M)->0.0B(281.0M) Survivors: 18.0M->19.0M Heap: 334.5M(500.0M)->53.0M(500.0M)]
 [Times: user=0.22 sys=0.00, real=0.03 secs] 
2020-06-12T15:40:45.197+0800: 2314.843: [GC pause (G1 Evacuation Pause) (young), 0.0154352 secs]
   [Parallel Time: 12.5 ms, GC Workers: 8]
      [GC Worker Start (ms): Min: 2314842.6, Avg: 2314842.8, Max: 2314842.9, Diff: 0.2]
      [Ext Root Scanning (ms): Min: 0.1, Avg: 0.8, Max: 3.1, Diff: 3.0, Sum: 6.5]
      [Update RS (ms): Min: 0.0, Avg: 1.3, Max: 1.9, Diff: 1.9, Sum: 10.4]
         [Processed Buffers: Min: 0, Avg: 3.4, Max: 10, Diff: 10, Sum: 27]
      [Scan RS (ms): Min: 0.3, Avg: 0.7, Max: 1.0, Diff: 0.7, Sum: 5.4]
      [Code Root Scanning (ms): Min: 0.0, Avg: 0.2, Max: 0.6, Diff: 0.6, Sum: 1.5]
      [Object Copy (ms): Min: 8.9, Avg: 9.2, Max: 10.8, Diff: 2.0, Sum: 73.9]
      [Termination (ms): Min: 0.0, Avg: 0.0, Max: 0.0, Diff: 0.0, Sum: 0.0]
         [Termination Attempts: Min: 1, Avg: 1.0, Max: 1, Diff: 0, Sum: 8]
      [GC Worker Other (ms): Min: 0.0, Avg: 0.0, Max: 0.1, Diff: 0.0, Sum: 0.3]
      [GC Worker Total (ms): Min: 12.1, Avg: 12.3, Max: 12.4, Diff: 0.3, Sum: 98.0]
      [GC Worker End (ms): Min: 2314855.0, Avg: 2314855.0, Max: 2314855.1, Diff: 0.0]
   [Code Root Fixup: 0.3 ms]
   [Code Root Purge: 0.0 ms]
   [Clear CT: 0.3 ms]
   [Other: 2.4 ms]
      [Choose CSet: 0.0 ms]
      [Ref Proc: 1.3 ms]
      [Ref Enq: 0.0 ms]
      [Redirty Cards: 0.8 ms]
      [Humongous Register: 0.0 ms]
      [Humongous Reclaim: 0.0 ms]
      [Free CSet: 0.2 ms]
   [Eden: 281.0M(281.0M)->0.0B(283.0M) Survivors: 19.0M->17.0M Heap: 334.0M(500.0M)->51.5M(500.0M)]
 [Times: user=0.13 sys=0.00, real=0.01 secs] 
2020-06-12T15:45:37.164+0800: 2606.810: [GC pause (G1 Evacuation Pause) (young), 0.0155415 secs]
   [Parallel Time: 11.3 ms, GC Workers: 8]
      [GC Worker Start (ms): Min: 2606809.9, Avg: 2606810.0, Max: 2606810.1, Diff: 0.2]
      [Ext Root Scanning (ms): Min: 0.4, Avg: 1.0, Max: 3.1, Diff: 2.7, Sum: 8.0]
      [Update RS (ms): Min: 0.0, Avg: 1.3, Max: 1.9, Diff: 1.9, Sum: 10.2]
         [Processed Buffers: Min: 0, Avg: 3.9, Max: 9, Diff: 9, Sum: 31]
      [Scan RS (ms): Min: 0.0, Avg: 0.4, Max: 0.6, Diff: 0.6, Sum: 3.4]
      [Code Root Scanning (ms): Min: 0.0, Avg: 0.1, Max: 0.5, Diff: 0.5, Sum: 1.1]
      [Object Copy (ms): Min: 7.9, Avg: 8.2, Max: 8.4, Diff: 0.5, Sum: 65.3]
      [Termination (ms): Min: 0.0, Avg: 0.0, Max: 0.0, Diff: 0.0, Sum: 0.0]
         [Termination Attempts: Min: 1, Avg: 1.0, Max: 1, Diff: 0, Sum: 8]
      [GC Worker Other (ms): Min: 0.0, Avg: 0.0, Max: 0.0, Diff: 0.0, Sum: 0.2]
      [GC Worker Total (ms): Min: 11.0, Avg: 11.0, Max: 11.1, Diff: 0.2, Sum: 88.2]
      [GC Worker End (ms): Min: 2606821.1, Avg: 2606821.1, Max: 2606821.1, Diff: 0.0]
   [Code Root Fixup: 0.2 ms]
   [Code Root Purge: 0.0 ms]
   [Clear CT: 0.6 ms]
   [Other: 3.5 ms]
      [Choose CSet: 0.0 ms]
      [Ref Proc: 2.5 ms]
      [Ref Enq: 0.0 ms]
      [Redirty Cards: 0.7 ms]
      [Humongous Register: 0.0 ms]
      [Humongous Reclaim: 0.0 ms]
      [Free CSet: 0.2 ms]
   [Eden: 283.0M(283.0M)->0.0B(279.0M) Survivors: 17.0M->21.0M Heap: 334.5M(500.0M)->55.5M(500.0M)]
 [Times: user=0.13 sys=0.00, real=0.02 secs] 
2020-06-12T15:45:50.528+0800: 2620.174: [GC pause (G1 Evacuation Pause) (young), 0.0186454 secs]
   [Parallel Time: 14.1 ms, GC Workers: 8]
      [GC Worker Start (ms): Min: 2620174.1, Avg: 2620174.2, Max: 2620174.2, Diff: 0.2]
      [Ext Root Scanning (ms): Min: 0.3, Avg: 0.7, Max: 2.6, Diff: 2.3, Sum: 5.9]
      [Update RS (ms): Min: 0.0, Avg: 1.4, Max: 1.9, Diff: 1.9, Sum: 11.2]
         [Processed Buffers: Min: 0, Avg: 4.8, Max: 10, Diff: 10, Sum: 38]
      [Scan RS (ms): Min: 0.2, Avg: 0.5, Max: 0.7, Diff: 0.5, Sum: 3.9]
      [Code Root Scanning (ms): Min: 0.0, Avg: 0.2, Max: 0.3, Diff: 0.3, Sum: 1.4]
      [Object Copy (ms): Min: 10.6, Avg: 10.9, Max: 11.3, Diff: 0.6, Sum: 87.2]
      [Termination (ms): Min: 0.0, Avg: 0.1, Max: 0.3, Diff: 0.3, Sum: 1.2]
         [Termination Attempts: Min: 24, Avg: 46.0, Max: 62, Diff: 38, Sum: 368]
      [GC Worker Other (ms): Min: 0.0, Avg: 0.0, Max: 0.1, Diff: 0.0, Sum: 0.2]
      [GC Worker Total (ms): Min: 13.8, Avg: 13.9, Max: 14.0, Diff: 0.2, Sum: 110.9]
      [GC Worker End (ms): Min: 2620188.0, Avg: 2620188.0, Max: 2620188.1, Diff: 0.1]
   [Code Root Fixup: 0.3 ms]
   [Code Root Purge: 0.0 ms]
   [Clear CT: 0.7 ms]
   [Other: 3.5 ms]
      [Choose CSet: 0.0 ms]
      [Ref Proc: 2.4 ms]
      [Ref Enq: 0.0 ms]
      [Redirty Cards: 0.9 ms]
      [Humongous Register: 0.0 ms]
      [Humongous Reclaim: 0.0 ms]
      [Free CSet: 0.2 ms]
   [Eden: 279.0M(279.0M)->0.0B(275.0M) Survivors: 21.0M->25.0M Heap: 334.5M(500.0M)->59.5M(500.0M)]
 [Times: user=0.14 sys=0.00, real=0.02 secs] 
2020-06-12T15:47:07.421+0800: 2697.066: [GC pause (G1 Evacuation Pause) (young), 0.0196983 secs]
   [Parallel Time: 16.0 ms, GC Workers: 8]
      [GC Worker Start (ms): Min: 2697066.0, Avg: 2697066.1, Max: 2697066.1, Diff: 0.2]
      [Ext Root Scanning (ms): Min: 0.3, Avg: 0.7, Max: 3.2, Diff: 3.0, Sum: 5.5]
      [Update RS (ms): Min: 0.0, Avg: 1.8, Max: 2.1, Diff: 2.1, Sum: 14.1]
         [Processed Buffers: Min: 0, Avg: 5.9, Max: 11, Diff: 11, Sum: 47]
      [Scan RS (ms): Min: 0.0, Avg: 0.0, Max: 0.1, Diff: 0.1, Sum: 0.3]
      [Code Root Scanning (ms): Min: 0.0, Avg: 0.4, Max: 0.7, Diff: 0.7, Sum: 2.9]
      [Object Copy (ms): Min: 12.4, Avg: 12.8, Max: 13.2, Diff: 0.7, Sum: 102.7]
      [Termination (ms): Min: 0.0, Avg: 0.0, Max: 0.0, Diff: 0.0, Sum: 0.1]
         [Termination Attempts: Min: 1, Avg: 44.4, Max: 56, Diff: 55, Sum: 355]
      [GC Worker Other (ms): Min: 0.0, Avg: 0.0, Max: 0.0, Diff: 0.0, Sum: 0.2]
      [GC Worker Total (ms): Min: 15.6, Avg: 15.7, Max: 15.8, Diff: 0.2, Sum: 125.7]
      [GC Worker End (ms): Min: 2697081.8, Avg: 2697081.8, Max: 2697081.8, Diff: 0.0]
   [Code Root Fixup: 0.5 ms]
   [Code Root Purge: 0.1 ms]
   [Clear CT: 0.3 ms]
   [Other: 2.9 ms]
      [Choose CSet: 0.0 ms]
      [Ref Proc: 2.5 ms]
      [Ref Enq: 0.0 ms]
      [Redirty Cards: 0.1 ms]
      [Humongous Register: 0.0 ms]
      [Humongous Reclaim: 0.0 ms]
      [Free CSet: 0.2 ms]
   [Eden: 275.0M(275.0M)->0.0B(275.0M) Survivors: 25.0M->25.0M Heap: 334.5M(500.0M)->62.8M(500.0M)]
 [Times: user=0.13 sys=0.00, real=0.02 secs] 
2020-06-12T15:54:18.012+0800: 3127.657: [GC pause (G1 Evacuation Pause) (young), 0.0220022 secs]
   [Parallel Time: 19.0 ms, GC Workers: 8]
      [GC Worker Start (ms): Min: 3127657.4, Avg: 3127657.6, Max: 3127657.8, Diff: 0.3]
      [Ext Root Scanning (ms): Min: 0.2, Avg: 0.9, Max: 3.8, Diff: 3.6, Sum: 7.0]
      [Update RS (ms): Min: 0.0, Avg: 2.3, Max: 3.4, Diff: 3.4, Sum: 18.2]
         [Processed Buffers: Min: 0, Avg: 5.5, Max: 18, Diff: 18, Sum: 44]
      [Scan RS (ms): Min: 0.3, Avg: 1.0, Max: 1.3, Diff: 1.1, Sum: 8.2]
      [Code Root Scanning (ms): Min: 0.0, Avg: 0.5, Max: 1.5, Diff: 1.5, Sum: 4.1]
      [Object Copy (ms): Min: 13.1, Avg: 13.9, Max: 14.3, Diff: 1.3, Sum: 111.3]
      [Termination (ms): Min: 0.0, Avg: 0.1, Max: 0.2, Diff: 0.1, Sum: 0.8]
         [Termination Attempts: Min: 1, Avg: 59.8, Max: 87, Diff: 86, Sum: 478]
      [GC Worker Other (ms): Min: 0.0, Avg: 0.0, Max: 0.0, Diff: 0.0, Sum: 0.1]
      [GC Worker Total (ms): Min: 18.5, Avg: 18.7, Max: 18.9, Diff: 0.4, Sum: 149.8]
      [GC Worker End (ms): Min: 3127676.2, Avg: 3127676.3, Max: 3127676.3, Diff: 0.1]
   [Code Root Fixup: 0.6 ms]
   [Code Root Purge: 0.0 ms]
   [Clear CT: 0.2 ms]
   [Other: 2.2 ms]
      [Choose CSet: 0.0 ms]
      [Ref Proc: 1.5 ms]
      [Ref Enq: 0.0 ms]
      [Redirty Cards: 0.2 ms]
      [Humongous Register: 0.0 ms]
      [Humongous Reclaim: 0.0 ms]
      [Free CSet: 0.4 ms]
   [Eden: 275.0M(275.0M)->0.0B(280.0M) Survivors: 25.0M->20.0M Heap: 337.8M(500.0M)->62.3M(500.0M)]
 [Times: user=0.14 sys=0.00, real=0.02 secs] 
2020-06-12T16:01:54.437+0800: 3584.082: [GC pause (G1 Evacuation Pause) (young), 0.0176835 secs]
   [Parallel Time: 13.7 ms, GC Workers: 8]
      [GC Worker Start (ms): Min: 3584082.4, Avg: 3584082.6, Max: 3584082.7, Diff: 0.3]
      [Ext Root Scanning (ms): Min: 0.3, Avg: 0.8, Max: 3.1, Diff: 2.7, Sum: 6.2]
      [Update RS (ms): Min: 0.4, Avg: 2.2, Max: 2.6, Diff: 2.2, Sum: 17.5]
         [Processed Buffers: Min: 1, Avg: 6.1, Max: 13, Diff: 12, Sum: 49]
      [Scan RS (ms): Min: 0.6, Avg: 0.8, Max: 0.9, Diff: 0.2, Sum: 6.2]
      [Code Root Scanning (ms): Min: 0.0, Avg: 0.1, Max: 0.3, Diff: 0.3, Sum: 0.7]
      [Object Copy (ms): Min: 9.2, Avg: 9.4, Max: 9.5, Diff: 0.3, Sum: 75.3]
      [Termination (ms): Min: 0.0, Avg: 0.1, Max: 0.2, Diff: 0.2, Sum: 0.6]
         [Termination Attempts: Min: 1, Avg: 28.4, Max: 42, Diff: 41, Sum: 227]
      [GC Worker Other (ms): Min: 0.0, Avg: 0.0, Max: 0.0, Diff: 0.0, Sum: 0.1]
      [GC Worker Total (ms): Min: 13.2, Avg: 13.3, Max: 13.5, Diff: 0.3, Sum: 106.5]
      [GC Worker End (ms): Min: 3584095.9, Avg: 3584095.9, Max: 3584096.0, Diff: 0.1]
   [Code Root Fixup: 0.2 ms]
   [Code Root Purge: 0.0 ms]
   [Clear CT: 0.7 ms]
   [Other: 3.0 ms]
      [Choose CSet: 0.0 ms]
      [Ref Proc: 1.9 ms]
      [Ref Enq: 0.0 ms]
      [Redirty Cards: 0.7 ms]
      [Humongous Register: 0.0 ms]
      [Humongous Reclaim: 0.0 ms]
      [Free CSet: 0.2 ms]
   [Eden: 280.0M(280.0M)->0.0B(279.0M) Survivors: 20.0M->21.0M Heap: 342.3M(500.0M)->63.3M(500.0M)]
 [Times: user=0.13 sys=0.02, real=0.02 secs] 
2020-06-12T16:05:02.695+0800: 3772.340: [GC pause (G1 Evacuation Pause) (young), 0.0195093 secs]
   [Parallel Time: 14.2 ms, GC Workers: 8]
      [GC Worker Start (ms): Min: 3772340.3, Avg: 3772340.3, Max: 3772340.4, Diff: 0.1]
      [Ext Root Scanning (ms): Min: 0.3, Avg: 0.7, Max: 3.0, Diff: 2.7, Sum: 5.6]
      [Update RS (ms): Min: 0.0, Avg: 2.0, Max: 2.4, Diff: 2.4, Sum: 15.9]
         [Processed Buffers: Min: 0, Avg: 6.8, Max: 12, Diff: 12, Sum: 54]
      [Scan RS (ms): Min: 0.1, Avg: 0.4, Max: 0.5, Diff: 0.4, Sum: 3.1]
      [Code Root Scanning (ms): Min: 0.2, Avg: 0.5, Max: 0.7, Diff: 0.5, Sum: 3.7]
      [Object Copy (ms): Min: 10.1, Avg: 10.5, Max: 10.7, Diff: 0.7, Sum: 83.8]
      [Termination (ms): Min: 0.0, Avg: 0.0, Max: 0.0, Diff: 0.0, Sum: 0.1]
         [Termination Attempts: Min: 16, Avg: 55.3, Max: 69, Diff: 53, Sum: 442]
      [GC Worker Other (ms): Min: 0.0, Avg: 0.0, Max: 0.1, Diff: 0.0, Sum: 0.3]
      [GC Worker Total (ms): Min: 14.0, Avg: 14.1, Max: 14.1, Diff: 0.1, Sum: 112.6]
      [GC Worker End (ms): Min: 3772354.4, Avg: 3772354.4, Max: 3772354.4, Diff: 0.0]
   [Code Root Fixup: 0.5 ms]
   [Code Root Purge: 0.1 ms]
   [Clear CT: 0.5 ms]
   [Other: 4.3 ms]
      [Choose CSet: 0.0 ms]
      [Ref Proc: 3.4 ms]
      [Ref Enq: 0.0 ms]
      [Redirty Cards: 0.5 ms]
      [Humongous Register: 0.0 ms]
      [Humongous Reclaim: 0.0 ms]
      [Free CSet: 0.2 ms]
   [Eden: 279.0M(279.0M)->0.0B(276.0M) Survivors: 21.0M->24.0M Heap: 342.3M(500.0M)->65.8M(500.0M)]
 [Times: user=0.13 sys=0.00, real=0.02 secs] 
2020-06-12T16:13:11.398+0800: 4257.919: [GC pause (G1 Evacuation Pause) (young), 0.0188213 secs]
   [Parallel Time: 15.2 ms, GC Workers: 8]
      [GC Worker Start (ms): Min: 4257918.9, Avg: 4257919.1, Max: 4257919.2, Diff: 0.3]
      [Ext Root Scanning (ms): Min: 0.3, Avg: 0.7, Max: 3.0, Diff: 2.7, Sum: 5.8]
      [Update RS (ms): Min: 0.5, Avg: 2.5, Max: 2.8, Diff: 2.3, Sum: 19.8]
         [Processed Buffers: Min: 4, Avg: 6.8, Max: 9, Diff: 5, Sum: 54]
      [Scan RS (ms): Min: 0.0, Avg: 0.1, Max: 0.1, Diff: 0.1, Sum: 0.4]
      [Code Root Scanning (ms): Min: 0.0, Avg: 0.4, Max: 0.9, Diff: 0.9, Sum: 3.5]
      [Object Copy (ms): Min: 10.6, Avg: 11.2, Max: 11.6, Diff: 1.0, Sum: 89.4]
      [Termination (ms): Min: 0.0, Avg: 0.0, Max: 0.0, Diff: 0.0, Sum: 0.1]
         [Termination Attempts: Min: 1, Avg: 46.1, Max: 61, Diff: 60, Sum: 369]
      [GC Worker Other (ms): Min: 0.0, Avg: 0.0, Max: 0.1, Diff: 0.0, Sum: 0.3]
      [GC Worker Total (ms): Min: 14.8, Avg: 14.9, Max: 15.1, Diff: 0.3, Sum: 119.2]
      [GC Worker End (ms): Min: 4257934.0, Avg: 4257934.0, Max: 4257934.1, Diff: 0.0]
   [Code Root Fixup: 0.5 ms]
   [Code Root Purge: 0.0 ms]
   [Clear CT: 0.5 ms]
   [Other: 2.6 ms]
      [Choose CSet: 0.0 ms]
      [Ref Proc: 1.9 ms]
      [Ref Enq: 0.0 ms]
      [Redirty Cards: 0.2 ms]
      [Humongous Register: 0.0 ms]
      [Humongous Reclaim: 0.0 ms]
      [Free CSet: 0.4 ms]
   [Eden: 276.0M(276.0M)->0.0B(281.0M) Survivors: 24.0M->19.0M Heap: 341.8M(500.0M)->64.7M(500.0M)]
 [Times: user=0.11 sys=0.02, real=0.02 secs] 
2020-06-12T16:20:09.142+0800: 4675.663: [GC pause (G1 Evacuation Pause) (young), 0.0204385 secs]
   [Parallel Time: 16.0 ms, GC Workers: 8]
      [GC Worker Start (ms): Min: 4675663.1, Avg: 4675663.3, Max: 4675663.4, Diff: 0.3]
      [Ext Root Scanning (ms): Min: 0.4, Avg: 0.9, Max: 3.2, Diff: 2.8, Sum: 7.0]
      [Update RS (ms): Min: 1.0, Avg: 3.1, Max: 3.5, Diff: 2.5, Sum: 24.5]
         [Processed Buffers: Min: 4, Avg: 6.9, Max: 11, Diff: 7, Sum: 55]
      [Scan RS (ms): Min: 0.5, Avg: 0.8, Max: 1.1, Diff: 0.6, Sum: 6.4]
      [Code Root Scanning (ms): Min: 0.0, Avg: 0.5, Max: 1.0, Diff: 1.0, Sum: 4.1]
      [Object Copy (ms): Min: 10.0, Avg: 10.5, Max: 10.9, Diff: 0.8, Sum: 83.7]
      [Termination (ms): Min: 0.0, Avg: 0.0, Max: 0.0, Diff: 0.0, Sum: 0.1]
         [Termination Attempts: Min: 1, Avg: 45.5, Max: 61, Diff: 60, Sum: 364]
      [GC Worker Other (ms): Min: 0.0, Avg: 0.0, Max: 0.1, Diff: 0.0, Sum: 0.3]
      [GC Worker Total (ms): Min: 15.6, Avg: 15.7, Max: 15.9, Diff: 0.3, Sum: 126.0]
      [GC Worker End (ms): Min: 4675679.0, Avg: 4675679.0, Max: 4675679.0, Diff: 0.0]
   [Code Root Fixup: 0.9 ms]
   [Code Root Purge: 0.0 ms]
   [Clear CT: 0.7 ms]
   [Other: 2.8 ms]
      [Choose CSet: 0.0 ms]
      [Ref Proc: 1.9 ms]
      [Ref Enq: 0.0 ms]
      [Redirty Cards: 0.4 ms]
      [Humongous Register: 0.0 ms]
      [Humongous Reclaim: 0.0 ms]
      [Free CSet: 0.3 ms]
   [Eden: 281.0M(281.0M)->0.0B(282.0M) Survivors: 19.0M->18.0M Heap: 345.7M(500.0M)->63.7M(500.0M)]
 [Times: user=0.13 sys=0.00, real=0.02 secs] 
2020-06-12T16:29:32.777+0800: 5239.298: [GC pause (G1 Evacuation Pause) (young), 0.0169399 secs]
   [Parallel Time: 12.9 ms, GC Workers: 8]
      [GC Worker Start (ms): Min: 5239298.3, Avg: 5239298.5, Max: 5239298.6, Diff: 0.4]
      [Ext Root Scanning (ms): Min: 0.3, Avg: 0.8, Max: 3.7, Diff: 3.4, Sum: 6.3]
      [Update RS (ms): Min: 0.1, Avg: 2.6, Max: 3.2, Diff: 3.1, Sum: 20.9]
         [Processed Buffers: Min: 5, Avg: 6.8, Max: 9, Diff: 4, Sum: 54]
      [Scan RS (ms): Min: 0.0, Avg: 0.2, Max: 0.3, Diff: 0.3, Sum: 1.2]
      [Code Root Scanning (ms): Min: 0.0, Avg: 0.5, Max: 1.1, Diff: 1.1, Sum: 3.8]
      [Object Copy (ms): Min: 8.0, Avg: 8.4, Max: 8.9, Diff: 0.9, Sum: 67.4]
      [Termination (ms): Min: 0.0, Avg: 0.0, Max: 0.0, Diff: 0.0, Sum: 0.0]
         [Termination Attempts: Min: 1, Avg: 39.3, Max: 54, Diff: 53, Sum: 314]
      [GC Worker Other (ms): Min: 0.0, Avg: 0.0, Max: 0.0, Diff: 0.0, Sum: 0.2]
      [GC Worker Total (ms): Min: 12.4, Avg: 12.5, Max: 12.7, Diff: 0.4, Sum: 100.0]
      [GC Worker End (ms): Min: 5239311.0, Avg: 5239311.0, Max: 5239311.0, Diff: 0.0]
   [Code Root Fixup: 0.8 ms]
   [Code Root Purge: 0.0 ms]
   [Clear CT: 0.8 ms]
   [Other: 2.5 ms]
      [Choose CSet: 0.0 ms]
      [Ref Proc: 1.3 ms]
      [Ref Enq: 0.0 ms]
      [Redirty Cards: 0.8 ms]
      [Humongous Register: 0.0 ms]
      [Humongous Reclaim: 0.0 ms]
      [Free CSet: 0.2 ms]
   [Eden: 282.0M(282.0M)->0.0B(281.0M) Survivors: 18.0M->19.0M Heap: 345.7M(500.0M)->64.2M(500.0M)]
 [Times: user=0.13 sys=0.00, real=0.02 secs] 
2020-06-12T16:29:57.065+0800: 5263.586: [GC pause (Metadata GC Threshold) (young) (initial-mark), 0.0307660 secs]
   [Parallel Time: 26.1 ms, GC Workers: 8]
      [GC Worker Start (ms): Min: 5263586.1, Avg: 5263586.4, Max: 5263587.9, Diff: 1.8]
      [Ext Root Scanning (ms): Min: 1.0, Avg: 2.9, Max: 8.7, Diff: 7.7, Sum: 23.4]
      [Update RS (ms): Min: 0.0, Avg: 4.9, Max: 6.0, Diff: 6.0, Sum: 39.1]
         [Processed Buffers: Min: 0, Avg: 6.9, Max: 15, Diff: 15, Sum: 55]
      [Scan RS (ms): Min: 0.0, Avg: 0.0, Max: 0.0, Diff: 0.0, Sum: 0.1]
      [Code Root Scanning (ms): Min: 0.0, Avg: 2.9, Max: 16.7, Diff: 16.7, Sum: 23.1]
      [Object Copy (ms): Min: 1.3, Avg: 14.6, Max: 17.7, Diff: 16.4, Sum: 116.8]
      [Termination (ms): Min: 0.0, Avg: 0.1, Max: 0.4, Diff: 0.4, Sum: 0.6]
         [Termination Attempts: Min: 1, Avg: 118.0, Max: 169, Diff: 168, Sum: 944]
      [GC Worker Other (ms): Min: 0.0, Avg: 0.0, Max: 0.0, Diff: 0.0, Sum: 0.2]
      [GC Worker Total (ms): Min: 23.8, Avg: 25.4, Max: 25.7, Diff: 1.8, Sum: 203.3]
      [GC Worker End (ms): Min: 5263611.8, Avg: 5263611.8, Max: 5263611.8, Diff: 0.0]
   [Code Root Fixup: 1.0 ms]
   [Code Root Purge: 0.0 ms]
   [Clear CT: 0.3 ms]
   [Other: 3.4 ms]
      [Choose CSet: 0.0 ms]
      [Ref Proc: 2.6 ms]
      [Ref Enq: 0.0 ms]
      [Redirty Cards: 0.2 ms]
      [Humongous Register: 0.0 ms]
      [Humongous Reclaim: 0.0 ms]
      [Free CSet: 0.3 ms]
   [Eden: 19.0M(281.0M)->0.0B(282.0M) Survivors: 19.0M->18.0M Heap: 82.7M(500.0M)->63.7M(500.0M)]
 [Times: user=0.13 sys=0.00, real=0.03 secs] 
2020-06-12T16:29:57.096+0800: 5263.617: [GC concurrent-root-region-scan-start]
2020-06-12T16:29:57.125+0800: 5263.646: [GC concurrent-root-region-scan-end, 0.0296253 secs]
2020-06-12T16:29:57.125+0800: 5263.646: [GC concurrent-mark-start]
2020-06-12T16:29:57.228+0800: 5263.750: [GC concurrent-mark-end, 0.1031507 secs]
2020-06-12T16:29:57.229+0800: 5263.750: [GC remark 2020-06-12T16:29:57.229+0800: 5263.750: [Finalize Marking, 0.0005997 secs] 2020-06-12T16:29:57.230+0800: 5263.751: [GC ref-proc, 0.0186313 secs] 2020-06-12T16:29:57.248+0800: 5263.769: [Unloading, 0.0327092 secs], 0.0528628 secs]
 [Times: user=0.13 sys=0.03, real=0.05 secs] 
2020-06-12T16:29:57.282+0800: 5263.803: [GC cleanup 67M->67M(500M), 0.0092063 secs]
 [Times: user=0.00 sys=0.00, real=0.01 secs] 
2020-06-12T16:35:32.969+0800: 5599.491: [GC pause (G1 Evacuation Pause) (young), 0.0283968 secs]
   [Parallel Time: 21.1 ms, GC Workers: 8]
      [GC Worker Start (ms): Min: 5599490.7, Avg: 5599491.5, Max: 5599496.8, Diff: 6.1]
      [Ext Root Scanning (ms): Min: 0.0, Avg: 1.1, Max: 4.7, Diff: 4.7, Sum: 8.8]
      [Update RS (ms): Min: 0.0, Avg: 3.9, Max: 5.5, Diff: 5.5, Sum: 31.5]
         [Processed Buffers: Min: 0, Avg: 8.0, Max: 17, Diff: 17, Sum: 64]
      [Scan RS (ms): Min: 0.0, Avg: 0.0, Max: 0.1, Diff: 0.0, Sum: 0.3]
      [Code Root Scanning (ms): Min: 0.0, Avg: 0.9, Max: 1.8, Diff: 1.8, Sum: 7.2]
      [Object Copy (ms): Min: 12.7, Avg: 13.8, Max: 14.8, Diff: 2.1, Sum: 110.5]
      [Termination (ms): Min: 0.0, Avg: 0.2, Max: 0.3, Diff: 0.3, Sum: 1.5]
         [Termination Attempts: Min: 2, Avg: 21.8, Max: 31, Diff: 29, Sum: 174]
      [GC Worker Other (ms): Min: 0.0, Avg: 0.0, Max: 0.0, Diff: 0.0, Sum: 0.1]
      [GC Worker Total (ms): Min: 14.8, Avg: 20.0, Max: 20.9, Diff: 6.1, Sum: 159.9]
      [GC Worker End (ms): Min: 5599511.4, Avg: 5599511.5, Max: 5599511.7, Diff: 0.3]
   [Code Root Fixup: 1.1 ms]
   [Code Root Purge: 0.0 ms]
   [Clear CT: 0.8 ms]
   [Other: 5.4 ms]
      [Choose CSet: 0.0 ms]
      [Ref Proc: 4.0 ms]
      [Ref Enq: 0.0 ms]
      [Redirty Cards: 0.9 ms]
      [Humongous Register: 0.0 ms]
      [Humongous Reclaim: 0.0 ms]
      [Free CSet: 0.3 ms]
   [Eden: 282.0M(282.0M)->0.0B(282.0M) Survivors: 18.0M->18.0M Heap: 345.7M(500.0M)->66.7M(500.0M)]
 [Times: user=0.11 sys=0.02, real=0.03 secs] 
2020-06-12T16:43:55.090+0800: 6101.611: [GC pause (G1 Evacuation Pause) (young), 0.0166177 secs]
   [Parallel Time: 13.9 ms, GC Workers: 8]
      [GC Worker Start (ms): Min: 6101611.1, Avg: 6101611.2, Max: 6101611.3, Diff: 0.2]
      [Ext Root Scanning (ms): Min: 0.3, Avg: 0.8, Max: 3.4, Diff: 3.0, Sum: 6.4]
      [Update RS (ms): Min: 2.2, Avg: 4.4, Max: 4.8, Diff: 2.6, Sum: 34.9]
         [Processed Buffers: Min: 4, Avg: 9.3, Max: 19, Diff: 15, Sum: 74]
      [Scan RS (ms): Min: 0.0, Avg: 0.0, Max: 0.0, Diff: 0.0, Sum: 0.2]
      [Code Root Scanning (ms): Min: 0.0, Avg: 0.5, Max: 1.3, Diff: 1.3, Sum: 4.1]
      [Object Copy (ms): Min: 7.2, Avg: 7.9, Max: 8.5, Diff: 1.2, Sum: 63.3]
      [Termination (ms): Min: 0.0, Avg: 0.0, Max: 0.0, Diff: 0.0, Sum: 0.0]
         [Termination Attempts: Min: 1, Avg: 40.4, Max: 51, Diff: 50, Sum: 323]
      [GC Worker Other (ms): Min: 0.0, Avg: 0.0, Max: 0.0, Diff: 0.0, Sum: 0.2]
      [GC Worker Total (ms): Min: 13.6, Avg: 13.7, Max: 13.8, Diff: 0.2, Sum: 109.3]
      [GC Worker End (ms): Min: 6101624.9, Avg: 6101624.9, Max: 6101624.9, Diff: 0.0]
   [Code Root Fixup: 0.6 ms]
   [Code Root Purge: 0.0 ms]
   [Clear CT: 0.2 ms]
   [Other: 1.9 ms]
      [Choose CSet: 0.0 ms]
      [Ref Proc: 1.4 ms]
      [Ref Enq: 0.0 ms]
      [Redirty Cards: 0.1 ms]
      [Humongous Register: 0.0 ms]
      [Humongous Reclaim: 0.0 ms]
      [Free CSet: 0.2 ms]
   [Eden: 282.0M(282.0M)->0.0B(284.0M) Survivors: 18.0M->16.0M Heap: 348.7M(500.0M)->67.8M(500.0M)]
 [Times: user=0.13 sys=0.00, real=0.02 secs] 
2020-06-12T16:52:21.689+0800: 6608.210: [GC pause (G1 Evacuation Pause) (young), 0.0132903 secs]
   [Parallel Time: 10.1 ms, GC Workers: 8]
      [GC Worker Start (ms): Min: 6608210.4, Avg: 6608210.6, Max: 6608210.7, Diff: 0.3]
      [Ext Root Scanning (ms): Min: 0.3, Avg: 0.8, Max: 3.6, Diff: 3.2, Sum: 6.5]
      [Update RS (ms): Min: 0.0, Avg: 1.6, Max: 2.1, Diff: 2.1, Sum: 12.4]
         [Processed Buffers: Min: 0, Avg: 4.6, Max: 11, Diff: 11, Sum: 37]
      [Scan RS (ms): Min: 0.0, Avg: 0.0, Max: 0.0, Diff: 0.0, Sum: 0.2]
      [Code Root Scanning (ms): Min: 0.0, Avg: 0.5, Max: 1.0, Diff: 1.0, Sum: 3.9]
      [Object Copy (ms): Min: 6.3, Avg: 6.8, Max: 7.4, Diff: 1.1, Sum: 54.4]
      [Termination (ms): Min: 0.0, Avg: 0.0, Max: 0.0, Diff: 0.0, Sum: 0.0]
         [Termination Attempts: Min: 1, Avg: 9.6, Max: 17, Diff: 16, Sum: 77]
      [GC Worker Other (ms): Min: 0.0, Avg: 0.0, Max: 0.0, Diff: 0.0, Sum: 0.2]
      [GC Worker Total (ms): Min: 9.6, Avg: 9.7, Max: 9.9, Diff: 0.3, Sum: 77.7]
      [GC Worker End (ms): Min: 6608220.3, Avg: 6608220.3, Max: 6608220.4, Diff: 0.0]
   [Code Root Fixup: 0.6 ms]
   [Code Root Purge: 0.0 ms]
   [Clear CT: 0.5 ms]
   [Other: 2.1 ms]
      [Choose CSet: 0.0 ms]
      [Ref Proc: 1.5 ms]
      [Ref Enq: 0.0 ms]
      [Redirty Cards: 0.1 ms]
      [Humongous Register: 0.0 ms]
      [Humongous Reclaim: 0.0 ms]
      [Free CSet: 0.2 ms]
   [Eden: 284.0M(284.0M)->0.0B(284.0M) Survivors: 16.0M->16.0M Heap: 351.8M(500.0M)->67.6M(500.0M)]
 [Times: user=0.02 sys=0.00, real=0.01 secs] 
2020-06-12T17:00:45.660+0800: 7112.181: [GC pause (G1 Evacuation Pause) (young), 0.0317912 secs]
   [Parallel Time: 25.5 ms, GC Workers: 8]
      [GC Worker Start (ms): Min: 7112181.1, Avg: 7112181.6, Max: 7112182.0, Diff: 0.9]
      [Ext Root Scanning (ms): Min: 1.4, Avg: 3.3, Max: 13.7, Diff: 12.3, Sum: 26.5]
      [Update RS (ms): Min: 0.0, Avg: 6.7, Max: 8.2, Diff: 8.2, Sum: 53.4]
         [Processed Buffers: Min: 0, Avg: 4.8, Max: 11, Diff: 11, Sum: 38]
      [Scan RS (ms): Min: 0.0, Avg: 0.1, Max: 0.3, Diff: 0.3, Sum: 0.9]
      [Code Root Scanning (ms): Min: 0.0, Avg: 1.4, Max: 2.8, Diff: 2.8, Sum: 11.4]
      [Object Copy (ms): Min: 11.4, Avg: 13.1, Max: 15.3, Diff: 3.9, Sum: 104.9]
      [Termination (ms): Min: 0.0, Avg: 0.0, Max: 0.0, Diff: 0.0, Sum: 0.0]
         [Termination Attempts: Min: 1, Avg: 10.5, Max: 16, Diff: 15, Sum: 84]
      [GC Worker Other (ms): Min: 0.0, Avg: 0.1, Max: 0.1, Diff: 0.1, Sum: 0.5]
      [GC Worker Total (ms): Min: 24.3, Avg: 24.7, Max: 25.2, Diff: 0.9, Sum: 197.6]
      [GC Worker End (ms): Min: 7112206.3, Avg: 7112206.3, Max: 7112206.3, Diff: 0.1]
   [Code Root Fixup: 1.0 ms]
   [Code Root Purge: 0.0 ms]
   [Clear CT: 0.7 ms]
   [Other: 4.6 ms]
      [Choose CSet: 0.0 ms]
      [Ref Proc: 3.2 ms]
      [Ref Enq: 0.0 ms]
      [Redirty Cards: 0.5 ms]
      [Humongous Register: 0.1 ms]
      [Humongous Reclaim: 0.0 ms]
      [Free CSet: 0.4 ms]
   [Eden: 284.0M(284.0M)->0.0B(284.0M) Survivors: 16.0M->16.0M Heap: 351.6M(500.0M)->67.8M(500.0M)]
 [Times: user=0.14 sys=0.00, real=0.03 secs] 
2020-06-12T17:09:11.028+0800: 7617.549: [GC pause (G1 Evacuation Pause) (young), 0.0131941 secs]
   [Parallel Time: 10.3 ms, GC Workers: 8]
      [GC Worker Start (ms): Min: 7617549.6, Avg: 7617549.8, Max: 7617549.8, Diff: 0.2]
      [Ext Root Scanning (ms): Min: 0.1, Avg: 0.8, Max: 3.5, Diff: 3.4, Sum: 6.4]
      [Update RS (ms): Min: 0.0, Avg: 1.5, Max: 2.0, Diff: 2.0, Sum: 11.9]
         [Processed Buffers: Min: 0, Avg: 4.8, Max: 9, Diff: 9, Sum: 38]
      [Scan RS (ms): Min: 0.0, Avg: 0.0, Max: 0.1, Diff: 0.1, Sum: 0.2]
      [Code Root Scanning (ms): Min: 0.0, Avg: 0.6, Max: 1.3, Diff: 1.3, Sum: 5.0]
      [Object Copy (ms): Min: 6.4, Avg: 7.0, Max: 7.7, Diff: 1.4, Sum: 55.7]
      [Termination (ms): Min: 0.0, Avg: 0.0, Max: 0.0, Diff: 0.0, Sum: 0.0]
         [Termination Attempts: Min: 1, Avg: 35.4, Max: 44, Diff: 43, Sum: 283]
      [GC Worker Other (ms): Min: 0.0, Avg: 0.0, Max: 0.1, Diff: 0.0, Sum: 0.3]
      [GC Worker Total (ms): Min: 9.9, Avg: 9.9, Max: 10.1, Diff: 0.2, Sum: 79.6]
      [GC Worker End (ms): Min: 7617559.7, Avg: 7617559.7, Max: 7617559.7, Diff: 0.0]
   [Code Root Fixup: 0.6 ms]
   [Code Root Purge: 0.0 ms]
   [Clear CT: 0.3 ms]
   [Other: 2.1 ms]
      [Choose CSet: 0.0 ms]
      [Ref Proc: 1.2 ms]
      [Ref Enq: 0.0 ms]
      [Redirty Cards: 0.6 ms]
      [Humongous Register: 0.0 ms]
      [Humongous Reclaim: 0.0 ms]
      [Free CSet: 0.2 ms]
   [Eden: 284.0M(284.0M)->0.0B(286.0M) Survivors: 16.0M->14.0M Heap: 351.8M(500.0M)->65.8M(500.0M)]
 [Times: user=0.13 sys=0.00, real=0.01 secs] 
2020-06-12T17:17:40.224+0800: 8126.745: [GC pause (G1 Evacuation Pause) (young), 0.0146886 secs]
   [Parallel Time: 11.2 ms, GC Workers: 8]
      [GC Worker Start (ms): Min: 8126744.9, Avg: 8126745.2, Max: 8126745.8, Diff: 0.9]
      [Ext Root Scanning (ms): Min: 0.0, Avg: 0.9, Max: 4.0, Diff: 3.9, Sum: 7.4]
      [Update RS (ms): Min: 0.0, Avg: 1.9, Max: 2.4, Diff: 2.4, Sum: 15.0]
         [Processed Buffers: Min: 0, Avg: 4.5, Max: 12, Diff: 12, Sum: 36]
      [Scan RS (ms): Min: 0.0, Avg: 0.0, Max: 0.1, Diff: 0.1, Sum: 0.3]
      [Code Root Scanning (ms): Min: 0.0, Avg: 0.7, Max: 1.7, Diff: 1.7, Sum: 5.6]
      [Object Copy (ms): Min: 6.5, Avg: 7.2, Max: 8.0, Diff: 1.4, Sum: 57.9]
      [Termination (ms): Min: 0.0, Avg: 0.0, Max: 0.0, Diff: 0.0, Sum: 0.0]
         [Termination Attempts: Min: 1, Avg: 35.4, Max: 45, Diff: 44, Sum: 283]
      [GC Worker Other (ms): Min: 0.0, Avg: 0.0, Max: 0.1, Diff: 0.0, Sum: 0.3]
      [GC Worker Total (ms): Min: 10.1, Avg: 10.8, Max: 11.1, Diff: 1.0, Sum: 86.5]
      [GC Worker End (ms): Min: 8126756.0, Avg: 8126756.0, Max: 8126756.0, Diff: 0.0]
   [Code Root Fixup: 0.5 ms]
   [Code Root Purge: 0.0 ms]
   [Clear CT: 0.4 ms]
   [Other: 2.5 ms]
      [Choose CSet: 0.0 ms]
      [Ref Proc: 1.2 ms]
      [Ref Enq: 0.0 ms]
      [Redirty Cards: 0.8 ms]
      [Humongous Register: 0.0 ms]
      [Humongous Reclaim: 0.0 ms]
      [Free CSet: 0.3 ms]
   [Eden: 286.0M(286.0M)->0.0B(287.0M) Survivors: 14.0M->13.0M Heap: 351.8M(500.0M)->66.0M(500.0M)]
 [Times: user=0.13 sys=0.00, real=0.01 secs] 
2020-06-12T17:26:11.581+0800: 8638.103: [GC pause (G1 Evacuation Pause) (young), 0.0135842 secs]
   [Parallel Time: 10.5 ms, GC Workers: 8]
      [GC Worker Start (ms): Min: 8638102.7, Avg: 8638102.8, Max: 8638103.0, Diff: 0.3]
      [Ext Root Scanning (ms): Min: 0.2, Avg: 0.8, Max: 3.6, Diff: 3.4, Sum: 6.8]
      [Update RS (ms): Min: 0.0, Avg: 2.3, Max: 2.8, Diff: 2.8, Sum: 18.2]
         [Processed Buffers: Min: 0, Avg: 5.4, Max: 11, Diff: 11, Sum: 43]
      [Scan RS (ms): Min: 0.0, Avg: 0.0, Max: 0.1, Diff: 0.0, Sum: 0.2]
      [Code Root Scanning (ms): Min: 0.0, Avg: 0.5, Max: 1.1, Diff: 1.1, Sum: 3.9]
      [Object Copy (ms): Min: 6.0, Avg: 6.7, Max: 7.3, Diff: 1.3, Sum: 53.3]
      [Termination (ms): Min: 0.0, Avg: 0.0, Max: 0.0, Diff: 0.0, Sum: 0.0]
         [Termination Attempts: Min: 1, Avg: 23.3, Max: 29, Diff: 28, Sum: 186]
      [GC Worker Other (ms): Min: 0.0, Avg: 0.0, Max: 0.0, Diff: 0.0, Sum: 0.2]
      [GC Worker Total (ms): Min: 10.1, Avg: 10.3, Max: 10.5, Diff: 0.3, Sum: 82.7]
      [GC Worker End (ms): Min: 8638113.1, Avg: 8638113.2, Max: 8638113.2, Diff: 0.0]
   [Code Root Fixup: 0.6 ms]
   [Code Root Purge: 0.0 ms]
   [Clear CT: 0.5 ms]
   [Other: 2.0 ms]
      [Choose CSet: 0.0 ms]
      [Ref Proc: 1.4 ms]
      [Ref Enq: 0.0 ms]
      [Redirty Cards: 0.3 ms]
      [Humongous Register: 0.0 ms]
      [Humongous Reclaim: 0.0 ms]
      [Free CSet: 0.2 ms]
   [Eden: 287.0M(287.0M)->0.0B(292.0M) Survivors: 13.0M->8192.0K Heap: 353.0M(500.0M)->66.5M(500.0M)]
 [Times: user=0.02 sys=0.00, real=0.01 secs] 
2020-06-12T17:34:48.343+0800: 9154.863: [GC pause (G1 Evacuation Pause) (young), 0.0121816 secs]
   [Parallel Time: 8.5 ms, GC Workers: 8]
      [GC Worker Start (ms): Min: 9154863.6, Avg: 9154863.8, Max: 9154863.9, Diff: 0.3]
      [Ext Root Scanning (ms): Min: 0.3, Avg: 0.8, Max: 3.1, Diff: 2.8, Sum: 6.1]
      [Update RS (ms): Min: 0.5, Avg: 2.5, Max: 2.8, Diff: 2.4, Sum: 19.7]
         [Processed Buffers: Min: 1, Avg: 6.5, Max: 15, Diff: 14, Sum: 52]
      [Scan RS (ms): Min: 0.0, Avg: 0.0, Max: 0.1, Diff: 0.1, Sum: 0.2]
      [Code Root Scanning (ms): Min: 0.0, Avg: 0.4, Max: 0.9, Diff: 0.9, Sum: 3.5]
      [Object Copy (ms): Min: 4.1, Avg: 4.4, Max: 4.9, Diff: 0.8, Sum: 35.6]
      [Termination (ms): Min: 0.0, Avg: 0.0, Max: 0.0, Diff: 0.0, Sum: 0.0]
         [Termination Attempts: Min: 1, Avg: 7.0, Max: 13, Diff: 12, Sum: 56]
      [GC Worker Other (ms): Min: 0.0, Avg: 0.0, Max: 0.0, Diff: 0.0, Sum: 0.2]
      [GC Worker Total (ms): Min: 8.1, Avg: 8.2, Max: 8.3, Diff: 0.3, Sum: 65.2]
      [GC Worker End (ms): Min: 9154871.9, Avg: 9154871.9, Max: 9154872.0, Diff: 0.0]
   [Code Root Fixup: 0.5 ms]
   [Code Root Purge: 0.0 ms]
   [Clear CT: 0.5 ms]
   [Other: 2.8 ms]
      [Choose CSet: 0.0 ms]
      [Ref Proc: 1.5 ms]
      [Ref Enq: 0.0 ms]
      [Redirty Cards: 0.9 ms]
      [Humongous Register: 0.0 ms]
      [Humongous Reclaim: 0.0 ms]
      [Free CSet: 0.2 ms]
   [Eden: 292.0M(292.0M)->0.0B(293.0M) Survivors: 8192.0K->7168.0K Heap: 358.5M(500.0M)->70.4M(500.0M)]
 [Times: user=0.09 sys=0.02, real=0.38 secs] 
2020-06-12T17:43:36.696+0800: 9683.217: [GC pause (G1 Evacuation Pause) (young), 0.0335983 secs]
   [Parallel Time: 22.9 ms, GC Workers: 8]
      [GC Worker Start (ms): Min: 9683218.9, Avg: 9683219.4, Max: 9683219.8, Diff: 0.9]
      [Ext Root Scanning (ms): Min: 1.5, Avg: 2.6, Max: 8.3, Diff: 6.8, Sum: 21.2]
      [Update RS (ms): Min: 4.7, Avg: 9.4, Max: 10.7, Diff: 6.0, Sum: 75.5]
         [Processed Buffers: Min: 4, Avg: 7.8, Max: 11, Diff: 7, Sum: 62]
      [Scan RS (ms): Min: 0.0, Avg: 0.1, Max: 0.2, Diff: 0.2, Sum: 0.7]
      [Code Root Scanning (ms): Min: 0.0, Avg: 1.0, Max: 2.1, Diff: 2.1, Sum: 8.1]
      [Object Copy (ms): Min: 7.5, Avg: 8.8, Max: 10.1, Diff: 2.6, Sum: 70.5]
      [Termination (ms): Min: 0.0, Avg: 0.0, Max: 0.0, Diff: 0.0, Sum: 0.0]
         [Termination Attempts: Min: 1, Avg: 3.8, Max: 8, Diff: 7, Sum: 30]
      [GC Worker Other (ms): Min: 0.0, Avg: 0.1, Max: 0.1, Diff: 0.1, Sum: 0.6]
      [GC Worker Total (ms): Min: 21.7, Avg: 22.1, Max: 22.6, Diff: 0.8, Sum: 176.7]
      [GC Worker End (ms): Min: 9683241.4, Avg: 9683241.4, Max: 9683241.5, Diff: 0.1]
   [Code Root Fixup: 1.3 ms]
   [Code Root Purge: 0.0 ms]
   [Clear CT: 1.2 ms]
   [Other: 8.2 ms]
      [Choose CSet: 0.0 ms]
      [Ref Proc: 4.7 ms]
      [Ref Enq: 0.0 ms]
      [Redirty Cards: 1.2 ms]
      [Humongous Register: 0.1 ms]
      [Humongous Reclaim: 0.0 ms]
      [Free CSet: 0.5 ms]
   [Eden: 293.0M(293.0M)->0.0B(292.0M) Survivors: 7168.0K->8192.0K Heap: 363.4M(500.0M)->73.3M(500.0M)]
 [Times: user=0.23 sys=0.02, real=0.03 secs] 
2020-06-12T17:52:40.298+0800: 10226.819: [GC pause (G1 Evacuation Pause) (young), 0.0077431 secs]
   [Parallel Time: 5.4 ms, GC Workers: 8]
      [GC Worker Start (ms): Min: 10226819.3, Avg: 10226819.6, Max: 10226819.8, Diff: 0.5]
      [Ext Root Scanning (ms): Min: 0.3, Avg: 0.8, Max: 3.0, Diff: 2.7, Sum: 6.2]
      [Update RS (ms): Min: 0.0, Avg: 1.1, Max: 1.8, Diff: 1.8, Sum: 8.6]
         [Processed Buffers: Min: 0, Avg: 3.4, Max: 9, Diff: 9, Sum: 27]
      [Scan RS (ms): Min: 0.0, Avg: 0.0, Max: 0.1, Diff: 0.1, Sum: 0.2]
      [Code Root Scanning (ms): Min: 0.0, Avg: 0.5, Max: 1.1, Diff: 1.1, Sum: 3.8]
      [Object Copy (ms): Min: 2.2, Avg: 2.5, Max: 3.2, Diff: 1.0, Sum: 19.9]
      [Termination (ms): Min: 0.0, Avg: 0.0, Max: 0.0, Diff: 0.0, Sum: 0.0]
         [Termination Attempts: Min: 1, Avg: 3.1, Max: 4, Diff: 3, Sum: 25]
      [GC Worker Other (ms): Min: 0.0, Avg: 0.0, Max: 0.0, Diff: 0.0, Sum: 0.2]
      [GC Worker Total (ms): Min: 4.7, Avg: 4.9, Max: 5.2, Diff: 0.5, Sum: 39.0]
      [GC Worker End (ms): Min: 10226824.5, Avg: 10226824.5, Max: 10226824.5, Diff: 0.0]
   [Code Root Fixup: 0.2 ms]
   [Code Root Purge: 0.0 ms]
   [Clear CT: 0.2 ms]
   [Other: 2.0 ms]
      [Choose CSet: 0.0 ms]
      [Ref Proc: 1.4 ms]
      [Ref Enq: 0.0 ms]
      [Redirty Cards: 0.2 ms]
      [Humongous Register: 0.0 ms]
      [Humongous Reclaim: 0.0 ms]
      [Free CSet: 0.2 ms]
   [Eden: 292.0M(292.0M)->0.0B(294.0M) Survivors: 8192.0K->6144.0K Heap: 365.3M(500.0M)->71.7M(500.0M)]
 [Times: user=0.00 sys=0.00, real=0.01 secs] 
2020-06-12T18:01:22.384+0800: 10748.905: [GC pause (G1 Evacuation Pause) (young), 0.0199187 secs]
   [Parallel Time: 15.0 ms, GC Workers: 8]
      [GC Worker Start (ms): Min: 10748906.2, Avg: 10748906.5, Max: 10748906.8, Diff: 0.6]
      [Ext Root Scanning (ms): Min: 1.5, Avg: 2.8, Max: 9.7, Diff: 8.2, Sum: 22.7]
      [Update RS (ms): Min: 0.0, Avg: 4.7, Max: 6.1, Diff: 6.1, Sum: 37.3]
         [Processed Buffers: Min: 0, Avg: 3.4, Max: 14, Diff: 14, Sum: 27]
      [Scan RS (ms): Min: 0.0, Avg: 0.1, Max: 0.2, Diff: 0.2, Sum: 0.7]
      [Code Root Scanning (ms): Min: 0.0, Avg: 0.7, Max: 1.9, Diff: 1.9, Sum: 5.6]
      [Object Copy (ms): Min: 5.1, Avg: 6.2, Max: 6.7, Diff: 1.6, Sum: 49.3]
      [Termination (ms): Min: 0.0, Avg: 0.0, Max: 0.0, Diff: 0.0, Sum: 0.0]
         [Termination Attempts: Min: 1, Avg: 1.8, Max: 4, Diff: 3, Sum: 14]
      [GC Worker Other (ms): Min: 0.0, Avg: 0.1, Max: 0.1, Diff: 0.1, Sum: 0.6]
      [GC Worker Total (ms): Min: 14.2, Avg: 14.5, Max: 14.9, Diff: 0.6, Sum: 116.2]
      [GC Worker End (ms): Min: 10748921.0, Avg: 10748921.0, Max: 10748921.1, Diff: 0.1]
   [Code Root Fixup: 0.4 ms]
   [Code Root Purge: 0.0 ms]
   [Clear CT: 0.6 ms]
   [Other: 3.8 ms]
      [Choose CSet: 0.0 ms]
      [Ref Proc: 1.9 ms]
      [Ref Enq: 0.0 ms]
      [Redirty Cards: 0.9 ms]
      [Humongous Register: 0.1 ms]
      [Humongous Reclaim: 0.0 ms]
      [Free CSet: 0.3 ms]
   [Eden: 294.0M(294.0M)->0.0B(295.0M) Survivors: 6144.0K->5120.0K Heap: 365.7M(500.0M)->72.5M(500.0M)]
 [Times: user=0.11 sys=0.00, real=0.02 secs] 
2020-06-12T18:10:07.613+0800: 11274.134: [GC pause (G1 Evacuation Pause) (young), 0.0070436 secs]
   [Parallel Time: 4.1 ms, GC Workers: 8]
      [GC Worker Start (ms): Min: 11274134.1, Avg: 11274134.2, Max: 11274134.3, Diff: 0.2]
      [Ext Root Scanning (ms): Min: 0.4, Avg: 0.8, Max: 2.5, Diff: 2.1, Sum: 6.1]
      [Update RS (ms): Min: 0.0, Avg: 1.5, Max: 1.8, Diff: 1.8, Sum: 11.9]
         [Processed Buffers: Min: 0, Avg: 4.5, Max: 9, Diff: 9, Sum: 36]
      [Scan RS (ms): Min: 0.0, Avg: 0.0, Max: 0.1, Diff: 0.1, Sum: 0.2]
      [Code Root Scanning (ms): Min: 0.0, Avg: 0.1, Max: 0.2, Diff: 0.2, Sum: 0.8]
      [Object Copy (ms): Min: 1.4, Avg: 1.4, Max: 1.5, Diff: 0.2, Sum: 11.6]
      [Termination (ms): Min: 0.0, Avg: 0.0, Max: 0.0, Diff: 0.0, Sum: 0.0]
         [Termination Attempts: Min: 1, Avg: 6.0, Max: 8, Diff: 7, Sum: 48]
      [GC Worker Other (ms): Min: 0.0, Avg: 0.0, Max: 0.1, Diff: 0.0, Sum: 0.3]
      [GC Worker Total (ms): Min: 3.8, Avg: 3.9, Max: 4.0, Diff: 0.2, Sum: 30.9]
      [GC Worker End (ms): Min: 11274138.1, Avg: 11274138.1, Max: 11274138.1, Diff: 0.0]
   [Code Root Fixup: 0.1 ms]
   [Code Root Purge: 0.0 ms]
   [Clear CT: 0.8 ms]
   [Other: 2.0 ms]
      [Choose CSet: 0.0 ms]
      [Ref Proc: 1.0 ms]
      [Ref Enq: 0.0 ms]
      [Redirty Cards: 0.7 ms]
      [Humongous Register: 0.0 ms]
      [Humongous Reclaim: 0.0 ms]
      [Free CSet: 0.1 ms]
   [Eden: 295.0M(295.0M)->0.0B(296.0M) Survivors: 5120.0K->4096.0K Heap: 367.5M(500.0M)->71.7M(500.0M)]
 [Times: user=0.00 sys=0.00, real=0.01 secs] 
2020-06-12T18:18:55.616+0800: 11802.137: [GC pause (G1 Evacuation Pause) (young), 0.0064211 secs]
   [Parallel Time: 3.0 ms, GC Workers: 8]
      [GC Worker Start (ms): Min: 11802137.3, Avg: 11802137.5, Max: 11802137.7, Diff: 0.4]
      [Ext Root Scanning (ms): Min: 0.3, Avg: 0.7, Max: 2.5, Diff: 2.2, Sum: 5.8]
      [Update RS (ms): Min: 0.0, Avg: 0.6, Max: 0.9, Diff: 0.9, Sum: 4.7]
         [Processed Buffers: Min: 0, Avg: 2.8, Max: 13, Diff: 13, Sum: 22]
      [Scan RS (ms): Min: 0.0, Avg: 0.0, Max: 0.1, Diff: 0.1, Sum: 0.2]
      [Code Root Scanning (ms): Min: 0.0, Avg: 0.1, Max: 0.4, Diff: 0.4, Sum: 0.8]
      [Object Copy (ms): Min: 0.4, Avg: 1.3, Max: 1.6, Diff: 1.2, Sum: 10.0]
      [Termination (ms): Min: 0.0, Avg: 0.0, Max: 0.0, Diff: 0.0, Sum: 0.0]
         [Termination Attempts: Min: 1, Avg: 2.1, Max: 4, Diff: 3, Sum: 17]
      [GC Worker Other (ms): Min: 0.0, Avg: 0.0, Max: 0.1, Diff: 0.1, Sum: 0.3]
      [GC Worker Total (ms): Min: 2.6, Avg: 2.7, Max: 3.0, Diff: 0.4, Sum: 21.9]
      [GC Worker End (ms): Min: 11802140.2, Avg: 11802140.2, Max: 11802140.3, Diff: 0.1]
   [Code Root Fixup: 0.2 ms]
   [Code Root Purge: 0.0 ms]
   [Clear CT: 0.6 ms]
   [Other: 2.6 ms]
      [Choose CSet: 0.0 ms]
      [Ref Proc: 1.5 ms]
      [Ref Enq: 0.0 ms]
      [Redirty Cards: 0.7 ms]
      [Humongous Register: 0.0 ms]
      [Humongous Reclaim: 0.0 ms]
      [Free CSet: 0.3 ms]
   [Eden: 296.0M(296.0M)->0.0B(297.0M) Survivors: 4096.0K->3072.0K Heap: 367.7M(500.0M)->71.5M(500.0M)]
 [Times: user=0.00 sys=0.00, real=0.01 secs] 
2020-06-12T18:27:42.827+0800: 12329.348: [GC pause (G1 Evacuation Pause) (young), 0.0161511 secs]
   [Parallel Time: 10.8 ms, GC Workers: 8]
      [GC Worker Start (ms): Min: 12329349.0, Avg: 12329349.6, Max: 12329350.1, Diff: 1.1]
      [Ext Root Scanning (ms): Min: 1.6, Avg: 2.8, Max: 7.8, Diff: 6.1, Sum: 22.4]
      [Update RS (ms): Min: 0.0, Avg: 2.5, Max: 3.1, Diff: 3.1, Sum: 20.1]
         [Processed Buffers: Min: 0, Avg: 3.0, Max: 15, Diff: 15, Sum: 24]
      [Scan RS (ms): Min: 0.0, Avg: 0.1, Max: 0.2, Diff: 0.2, Sum: 0.7]
      [Code Root Scanning (ms): Min: 0.0, Avg: 0.2, Max: 0.9, Diff: 0.9, Sum: 1.7]
      [Object Copy (ms): Min: 2.7, Avg: 4.3, Max: 5.0, Diff: 2.2, Sum: 34.8]
      [Termination (ms): Min: 0.0, Avg: 0.0, Max: 0.0, Diff: 0.0, Sum: 0.0]
         [Termination Attempts: Min: 1, Avg: 1.4, Max: 2, Diff: 1, Sum: 11]
      [GC Worker Other (ms): Min: 0.0, Avg: 0.1, Max: 0.1, Diff: 0.1, Sum: 0.5]
      [GC Worker Total (ms): Min: 9.5, Avg: 10.0, Max: 10.6, Diff: 1.1, Sum: 80.3]
      [GC Worker End (ms): Min: 12329359.6, Avg: 12329359.6, Max: 12329359.6, Diff: 0.1]
   [Code Root Fixup: 0.3 ms]
   [Code Root Purge: 0.0 ms]
   [Clear CT: 0.9 ms]
   [Other: 4.1 ms]
      [Choose CSet: 0.0 ms]
      [Ref Proc: 2.4 ms]
      [Ref Enq: 0.0 ms]
      [Redirty Cards: 1.0 ms]
      [Humongous Register: 0.1 ms]
      [Humongous Reclaim: 0.0 ms]
      [Free CSet: 0.3 ms]
   [Eden: 297.0M(297.0M)->0.0B(296.0M) Survivors: 3072.0K->4096.0K Heap: 368.5M(500.0M)->72.1M(500.0M)]
 [Times: user=0.00 sys=0.02, real=0.02 secs] 
2020-06-12T18:36:30.210+0800: 12856.730: [GC pause (G1 Evacuation Pause) (young), 0.0060860 secs]
   [Parallel Time: 3.0 ms, GC Workers: 8]
      [GC Worker Start (ms): Min: 12856730.3, Avg: 12856730.6, Max: 12856732.1, Diff: 1.8]
      [Ext Root Scanning (ms): Min: 0.0, Avg: 0.6, Max: 2.0, Diff: 1.9, Sum: 5.0]
      [Update RS (ms): Min: 0.0, Avg: 0.6, Max: 0.9, Diff: 0.9, Sum: 4.6]
         [Processed Buffers: Min: 0, Avg: 3.0, Max: 10, Diff: 10, Sum: 24]
      [Scan RS (ms): Min: 0.0, Avg: 0.0, Max: 0.1, Diff: 0.1, Sum: 0.3]
      [Code Root Scanning (ms): Min: 0.0, Avg: 0.0, Max: 0.2, Diff: 0.2, Sum: 0.4]
      [Object Copy (ms): Min: 0.8, Avg: 1.2, Max: 1.4, Diff: 0.6, Sum: 9.8]
      [Termination (ms): Min: 0.0, Avg: 0.0, Max: 0.0, Diff: 0.0, Sum: 0.0]
         [Termination Attempts: Min: 1, Avg: 1.1, Max: 2, Diff: 1, Sum: 9]
      [GC Worker Other (ms): Min: 0.1, Avg: 0.1, Max: 0.2, Diff: 0.1, Sum: 1.0]
      [GC Worker Total (ms): Min: 1.1, Avg: 2.6, Max: 3.0, Diff: 1.9, Sum: 21.1]
      [GC Worker End (ms): Min: 12856733.2, Avg: 12856733.2, Max: 12856733.3, Diff: 0.1]
   [Code Root Fixup: 0.1 ms]
   [Code Root Purge: 0.0 ms]
   [Clear CT: 0.4 ms]
   [Other: 2.6 ms]
      [Choose CSet: 0.0 ms]
      [Ref Proc: 1.1 ms]
      [Ref Enq: 0.0 ms]
      [Redirty Cards: 0.6 ms]
      [Humongous Register: 0.0 ms]
      [Humongous Reclaim: 0.0 ms]
      [Free CSet: 0.7 ms]
   [Eden: 296.0M(296.0M)->0.0B(298.0M) Survivors: 4096.0K->2048.0K Heap: 368.1M(500.0M)->71.1M(500.0M)]
 [Times: user=0.00 sys=0.00, real=0.01 secs] 
2020-06-12T18:45:22.285+0800: 13388.805: [GC pause (G1 Evacuation Pause) (young), 0.0061194 secs]
   [Parallel Time: 2.9 ms, GC Workers: 8]
      [GC Worker Start (ms): Min: 13388805.4, Avg: 13388805.6, Max: 13388805.7, Diff: 0.3]
      [Ext Root Scanning (ms): Min: 0.3, Avg: 0.6, Max: 1.8, Diff: 1.5, Sum: 5.1]
      [Update RS (ms): Min: 0.0, Avg: 0.8, Max: 1.2, Diff: 1.2, Sum: 6.2]
         [Processed Buffers: Min: 0, Avg: 3.1, Max: 7, Diff: 7, Sum: 25]
      [Scan RS (ms): Min: 0.0, Avg: 0.0, Max: 0.1, Diff: 0.1, Sum: 0.2]
      [Code Root Scanning (ms): Min: 0.0, Avg: 0.1, Max: 0.2, Diff: 0.2, Sum: 0.5]
      [Object Copy (ms): Min: 0.9, Avg: 1.1, Max: 1.2, Diff: 0.3, Sum: 8.5]
      [Termination (ms): Min: 0.0, Avg: 0.0, Max: 0.0, Diff: 0.0, Sum: 0.0]
         [Termination Attempts: Min: 1, Avg: 2.3, Max: 4, Diff: 3, Sum: 18]
      [GC Worker Other (ms): Min: 0.0, Avg: 0.0, Max: 0.1, Diff: 0.0, Sum: 0.2]
      [GC Worker Total (ms): Min: 2.5, Avg: 2.6, Max: 2.7, Diff: 0.2, Sum: 20.6]
      [GC Worker End (ms): Min: 13388808.2, Avg: 13388808.2, Max: 13388808.2, Diff: 0.0]
   [Code Root Fixup: 0.1 ms]
   [Code Root Purge: 0.0 ms]
   [Clear CT: 0.7 ms]
   [Other: 2.5 ms]
      [Choose CSet: 0.0 ms]
      [Ref Proc: 1.3 ms]
      [Ref Enq: 0.0 ms]
      [Redirty Cards: 0.8 ms]
      [Humongous Register: 0.0 ms]
      [Humongous Reclaim: 0.0 ms]
      [Free CSet: 0.3 ms]
   [Eden: 298.0M(298.0M)->0.0B(298.0M) Survivors: 2048.0K->2048.0K Heap: 369.1M(500.0M)->72.2M(500.0M)]
 [Times: user=0.00 sys=0.00, real=0.01 secs] 
2020-06-12T18:54:13.142+0800: 13919.663: [GC pause (G1 Evacuation Pause) (young), 0.0044158 secs]
   [Parallel Time: 2.3 ms, GC Workers: 8]
      [GC Worker Start (ms): Min: 13919663.2, Avg: 13919663.5, Max: 13919663.8, Diff: 0.6]
      [Ext Root Scanning (ms): Min: 0.2, Avg: 0.5, Max: 1.5, Diff: 1.3, Sum: 4.3]
      [Update RS (ms): Min: 0.4, Avg: 1.0, Max: 1.2, Diff: 0.8, Sum: 8.0]
         [Processed Buffers: Min: 2, Avg: 3.6, Max: 12, Diff: 10, Sum: 29]
      [Scan RS (ms): Min: 0.0, Avg: 0.0, Max: 0.1, Diff: 0.1, Sum: 0.2]
      [Code Root Scanning (ms): Min: 0.0, Avg: 0.0, Max: 0.1, Diff: 0.1, Sum: 0.1]
      [Object Copy (ms): Min: 0.1, Avg: 0.2, Max: 0.3, Diff: 0.2, Sum: 1.8]
      [Termination (ms): Min: 0.0, Avg: 0.0, Max: 0.0, Diff: 0.0, Sum: 0.0]
         [Termination Attempts: Min: 1, Avg: 1.0, Max: 1, Diff: 0, Sum: 8]
      [GC Worker Other (ms): Min: 0.0, Avg: 0.0, Max: 0.0, Diff: 0.0, Sum: 0.1]
      [GC Worker Total (ms): Min: 1.6, Avg: 1.8, Max: 2.2, Diff: 0.6, Sum: 14.5]
      [GC Worker End (ms): Min: 13919665.3, Avg: 13919665.3, Max: 13919665.4, Diff: 0.0]
   [Code Root Fixup: 0.1 ms]
   [Code Root Purge: 0.0 ms]
   [Clear CT: 0.5 ms]
   [Other: 1.6 ms]
      [Choose CSet: 0.0 ms]
      [Ref Proc: 1.2 ms]
      [Ref Enq: 0.0 ms]
      [Redirty Cards: 0.2 ms]
      [Humongous Register: 0.0 ms]
      [Humongous Reclaim: 0.0 ms]
      [Free CSet: 0.1 ms]
   [Eden: 298.0M(298.0M)->0.0B(299.0M) Survivors: 2048.0K->1024.0K Heap: 370.2M(500.0M)->71.9M(500.0M)]
 [Times: user=0.00 sys=0.00, real=0.01 secs] 
2020-06-12T19:03:03.249+0800: 14449.770: [GC pause (G1 Evacuation Pause) (young), 0.0047899 secs]
   [Parallel Time: 1.9 ms, GC Workers: 8]
      [GC Worker Start (ms): Min: 14449770.2, Avg: 14449770.4, Max: 14449770.6, Diff: 0.4]
      [Ext Root Scanning (ms): Min: 0.3, Avg: 0.5, Max: 1.5, Diff: 1.2, Sum: 4.3]
      [Update RS (ms): Min: 0.0, Avg: 0.2, Max: 0.3, Diff: 0.3, Sum: 1.5]
         [Processed Buffers: Min: 0, Avg: 2.6, Max: 7, Diff: 7, Sum: 21]
      [Scan RS (ms): Min: 0.0, Avg: 0.0, Max: 0.1, Diff: 0.1, Sum: 0.3]
      [Code Root Scanning (ms): Min: 0.0, Avg: 0.0, Max: 0.1, Diff: 0.1, Sum: 0.1]
      [Object Copy (ms): Min: 0.0, Avg: 0.2, Max: 0.2, Diff: 0.2, Sum: 1.5]
      [Termination (ms): Min: 0.0, Avg: 0.3, Max: 0.4, Diff: 0.4, Sum: 2.6]
         [Termination Attempts: Min: 1, Avg: 1.0, Max: 1, Diff: 0, Sum: 8]
      [GC Worker Other (ms): Min: 0.0, Avg: 0.0, Max: 0.0, Diff: 0.0, Sum: 0.1]
      [GC Worker Total (ms): Min: 1.2, Avg: 1.3, Max: 1.5, Diff: 0.4, Sum: 10.3]
      [GC Worker End (ms): Min: 14449771.7, Avg: 14449771.7, Max: 14449771.7, Diff: 0.0]
   [Code Root Fixup: 0.1 ms]
   [Code Root Purge: 0.0 ms]
   [Clear CT: 0.7 ms]
   [Other: 2.2 ms]
      [Choose CSet: 0.0 ms]
      [Ref Proc: 1.3 ms]
      [Ref Enq: 0.0 ms]
      [Redirty Cards: 0.5 ms]
      [Humongous Register: 0.0 ms]
      [Humongous Reclaim: 0.0 ms]
      [Free CSet: 0.3 ms]
   [Eden: 299.0M(299.0M)->0.0B(299.0M) Survivors: 1024.0K->1024.0K Heap: 370.9M(500.0M)->71.9M(500.0M)]
 [Times: user=0.00 sys=0.00, real=0.00 secs] 
2020-06-12T19:11:56.696+0800: 14983.217: [GC pause (G1 Evacuation Pause) (young), 0.0095508 secs]
   [Parallel Time: 4.1 ms, GC Workers: 8]
      [GC Worker Start (ms): Min: 14983216.9, Avg: 14983217.3, Max: 14983218.1, Diff: 1.1]
      [Ext Root Scanning (ms): Min: 1.0, Avg: 2.0, Max: 3.6, Diff: 2.6, Sum: 15.8]
      [Update RS (ms): Min: 0.0, Avg: 0.5, Max: 0.6, Diff: 0.6, Sum: 3.8]
         [Processed Buffers: Min: 0, Avg: 2.5, Max: 9, Diff: 9, Sum: 20]
      [Scan RS (ms): Min: 0.0, Avg: 0.1, Max: 0.2, Diff: 0.2, Sum: 0.8]
      [Code Root Scanning (ms): Min: 0.0, Avg: 0.0, Max: 0.3, Diff: 0.3, Sum: 0.3]
      [Object Copy (ms): Min: 0.0, Avg: 0.6, Max: 0.9, Diff: 0.9, Sum: 4.6]
      [Termination (ms): Min: 0.0, Avg: 0.1, Max: 0.1, Diff: 0.1, Sum: 0.7]
         [Termination Attempts: Min: 1, Avg: 1.0, Max: 1, Diff: 0, Sum: 8]
      [GC Worker Other (ms): Min: 0.0, Avg: 0.1, Max: 0.2, Diff: 0.1, Sum: 0.5]
      [GC Worker Total (ms): Min: 2.5, Avg: 3.3, Max: 3.7, Diff: 1.1, Sum: 26.6]
      [GC Worker End (ms): Min: 14983220.6, Avg: 14983220.6, Max: 14983220.7, Diff: 0.1]
   [Code Root Fixup: 0.2 ms]
   [Code Root Purge: 0.0 ms]
   [Clear CT: 0.9 ms]
   [Other: 4.4 ms]
      [Choose CSet: 0.0 ms]
      [Ref Proc: 2.9 ms]
      [Ref Enq: 0.0 ms]
      [Redirty Cards: 1.0 ms]
      [Humongous Register: 0.0 ms]
      [Humongous Reclaim: 0.0 ms]
      [Free CSet: 0.2 ms]
   [Eden: 299.0M(299.0M)->0.0B(299.0M) Survivors: 1024.0K->1024.0K Heap: 370.9M(500.0M)->71.8M(500.0M)]
 [Times: user=0.02 sys=0.00, real=0.01 secs] 
2020-06-12T19:20:49.232+0800: 15515.752: [GC pause (G1 Evacuation Pause) (young), 0.0109781 secs]
   [Parallel Time: 4.0 ms, GC Workers: 8]
      [GC Worker Start (ms): Min: 15515752.6, Avg: 15515753.1, Max: 15515753.5, Diff: 0.9]
      [Ext Root Scanning (ms): Min: 1.2, Avg: 1.8, Max: 3.4, Diff: 2.2, Sum: 14.5]
      [Update RS (ms): Min: 0.0, Avg: 0.5, Max: 0.7, Diff: 0.7, Sum: 4.0]
         [Processed Buffers: Min: 0, Avg: 2.5, Max: 8, Diff: 8, Sum: 20]
      [Scan RS (ms): Min: 0.0, Avg: 0.1, Max: 0.2, Diff: 0.2, Sum: 0.9]
      [Code Root Scanning (ms): Min: 0.0, Avg: 0.0, Max: 0.2, Diff: 0.2, Sum: 0.3]
      [Object Copy (ms): Min: 0.1, Avg: 0.6, Max: 0.8, Diff: 0.7, Sum: 4.8]
      [Termination (ms): Min: 0.0, Avg: 0.0, Max: 0.0, Diff: 0.0, Sum: 0.0]
         [Termination Attempts: Min: 1, Avg: 1.0, Max: 1, Diff: 0, Sum: 8]
      [GC Worker Other (ms): Min: 0.0, Avg: 0.1, Max: 0.2, Diff: 0.2, Sum: 0.8]
      [GC Worker Total (ms): Min: 2.7, Avg: 3.2, Max: 3.6, Diff: 0.8, Sum: 25.3]
      [GC Worker End (ms): Min: 15515756.2, Avg: 15515756.3, Max: 15515756.4, Diff: 0.2]
   [Code Root Fixup: 0.1 ms]
   [Code Root Purge: 0.0 ms]
   [Clear CT: 0.9 ms]
   [Other: 5.9 ms]
      [Choose CSet: 0.0 ms]
      [Ref Proc: 3.4 ms]
      [Ref Enq: 0.0 ms]
      [Redirty Cards: 0.8 ms]
      [Humongous Register: 0.0 ms]
      [Humongous Reclaim: 0.0 ms]
      [Free CSet: 1.4 ms]
   [Eden: 299.0M(299.0M)->0.0B(299.0M) Survivors: 1024.0K->1024.0K Heap: 370.8M(500.0M)->71.8M(500.0M)]
 [Times: user=0.13 sys=0.00, real=0.01 secs] 
2020-06-12T19:29:40.746+0800: 16047.268: [GC pause (G1 Evacuation Pause) (young), 0.0050338 secs]
   [Parallel Time: 2.0 ms, GC Workers: 8]
      [GC Worker Start (ms): Min: 16047267.8, Avg: 16047267.9, Max: 16047268.0, Diff: 0.2]
      [Ext Root Scanning (ms): Min: 0.3, Avg: 0.6, Max: 1.6, Diff: 1.3, Sum: 4.7]
      [Update RS (ms): Min: 0.0, Avg: 0.1, Max: 0.2, Diff: 0.2, Sum: 1.1]
         [Processed Buffers: Min: 0, Avg: 2.5, Max: 8, Diff: 8, Sum: 20]
      [Scan RS (ms): Min: 0.0, Avg: 0.0, Max: 0.1, Diff: 0.1, Sum: 0.2]
      [Code Root Scanning (ms): Min: 0.0, Avg: 0.0, Max: 0.1, Diff: 0.1, Sum: 0.1]
      [Object Copy (ms): Min: 0.0, Avg: 0.2, Max: 0.2, Diff: 0.2, Sum: 1.4]
      [Termination (ms): Min: 0.0, Avg: 0.6, Max: 0.6, Diff: 0.6, Sum: 4.4]
         [Termination Attempts: Min: 1, Avg: 1.0, Max: 1, Diff: 0, Sum: 8]
      [GC Worker Other (ms): Min: 0.0, Avg: 0.0, Max: 0.0, Diff: 0.0, Sum: 0.1]
      [GC Worker Total (ms): Min: 1.4, Avg: 1.5, Max: 1.6, Diff: 0.2, Sum: 12.0]
      [GC Worker End (ms): Min: 16047269.4, Avg: 16047269.4, Max: 16047269.4, Diff: 0.0]
   [Code Root Fixup: 0.0 ms]
   [Code Root Purge: 0.0 ms]
   [Clear CT: 0.6 ms]
   [Other: 2.4 ms]
      [Choose CSet: 0.0 ms]
      [Ref Proc: 1.4 ms]
      [Ref Enq: 0.0 ms]
      [Redirty Cards: 0.6 ms]
      [Humongous Register: 0.0 ms]
      [Humongous Reclaim: 0.0 ms]
      [Free CSet: 0.2 ms]
   [Eden: 299.0M(299.0M)->0.0B(299.0M) Survivors: 1024.0K->1024.0K Heap: 370.8M(500.0M)->72.0M(500.0M)]
 [Times: user=0.02 sys=0.00, real=0.01 secs] 
2020-06-12T19:38:33.638+0800: 16580.159: [GC pause (G1 Evacuation Pause) (young), 0.0045411 secs]
   [Parallel Time: 2.0 ms, GC Workers: 8]
      [GC Worker Start (ms): Min: 16580159.4, Avg: 16580159.6, Max: 16580159.8, Diff: 0.4]
      [Ext Root Scanning (ms): Min: 0.3, Avg: 0.5, Max: 1.5, Diff: 1.3, Sum: 4.3]
      [Update RS (ms): Min: 0.0, Avg: 0.1, Max: 0.2, Diff: 0.2, Sum: 1.0]
         [Processed Buffers: Min: 0, Avg: 2.4, Max: 11, Diff: 11, Sum: 19]
      [Scan RS (ms): Min: 0.0, Avg: 0.0, Max: 0.1, Diff: 0.1, Sum: 0.2]
      [Code Root Scanning (ms): Min: 0.0, Avg: 0.0, Max: 0.1, Diff: 0.1, Sum: 0.1]
      [Object Copy (ms): Min: 0.0, Avg: 0.1, Max: 0.2, Diff: 0.2, Sum: 1.0]
      [Termination (ms): Min: 0.0, Avg: 0.4, Max: 0.5, Diff: 0.5, Sum: 3.4]
         [Termination Attempts: Min: 1, Avg: 1.1, Max: 2, Diff: 1, Sum: 9]
      [GC Worker Other (ms): Min: 0.0, Avg: 0.0, Max: 0.0, Diff: 0.0, Sum: 0.1]
      [GC Worker Total (ms): Min: 1.1, Avg: 1.3, Max: 1.5, Diff: 0.4, Sum: 10.1]
      [GC Worker End (ms): Min: 16580160.9, Avg: 16580160.9, Max: 16580160.9, Diff: 0.0]
   [Code Root Fixup: 0.0 ms]
   [Code Root Purge: 0.0 ms]
   [Clear CT: 0.4 ms]
   [Other: 2.1 ms]
      [Choose CSet: 0.0 ms]
      [Ref Proc: 1.4 ms]
      [Ref Enq: 0.0 ms]
      [Redirty Cards: 0.6 ms]
      [Humongous Register: 0.0 ms]
      [Humongous Reclaim: 0.0 ms]
      [Free CSet: 0.1 ms]
   [Eden: 299.0M(299.0M)->0.0B(299.0M) Survivors: 1024.0K->1024.0K Heap: 371.0M(500.0M)->71.8M(500.0M)]
 [Times: user=0.13 sys=0.00, real=0.00 secs] 
2020-06-12T19:47:26.423+0800: 17112.944: [GC pause (G1 Evacuation Pause) (young), 0.0045689 secs]
   [Parallel Time: 1.9 ms, GC Workers: 8]
      [GC Worker Start (ms): Min: 17112944.6, Avg: 17112944.8, Max: 17112945.0, Diff: 0.4]
      [Ext Root Scanning (ms): Min: 0.3, Avg: 0.6, Max: 1.5, Diff: 1.2, Sum: 4.5]
      [Update RS (ms): Min: 0.0, Avg: 0.1, Max: 0.2, Diff: 0.2, Sum: 1.2]
         [Processed Buffers: Min: 0, Avg: 2.5, Max: 8, Diff: 8, Sum: 20]
      [Scan RS (ms): Min: 0.0, Avg: 0.0, Max: 0.0, Diff: 0.0, Sum: 0.2]
      [Code Root Scanning (ms): Min: 0.0, Avg: 0.0, Max: 0.1, Diff: 0.1, Sum: 0.1]
      [Object Copy (ms): Min: 0.0, Avg: 0.1, Max: 0.2, Diff: 0.2, Sum: 1.1]
      [Termination (ms): Min: 0.0, Avg: 0.4, Max: 0.5, Diff: 0.5, Sum: 3.1]
         [Termination Attempts: Min: 1, Avg: 1.1, Max: 2, Diff: 1, Sum: 9]
      [GC Worker Other (ms): Min: 0.0, Avg: 0.0, Max: 0.0, Diff: 0.0, Sum: 0.1]
      [GC Worker Total (ms): Min: 1.1, Avg: 1.3, Max: 1.5, Diff: 0.4, Sum: 10.3]
      [GC Worker End (ms): Min: 17112946.1, Avg: 17112946.1, Max: 17112946.1, Diff: 0.0]
   [Code Root Fixup: 0.1 ms]
   [Code Root Purge: 0.0 ms]
   [Clear CT: 0.5 ms]
   [Other: 2.1 ms]
      [Choose CSet: 0.0 ms]
      [Ref Proc: 1.0 ms]
      [Ref Enq: 0.0 ms]
      [Redirty Cards: 0.6 ms]
      [Humongous Register: 0.0 ms]
      [Humongous Reclaim: 0.0 ms]
      [Free CSet: 0.3 ms]
   [Eden: 299.0M(299.0M)->0.0B(299.0M) Survivors: 1024.0K->1024.0K Heap: 370.8M(500.0M)->71.8M(500.0M)]
 [Times: user=0.00 sys=0.00, real=0.00 secs] 
2020-06-12T19:56:17.136+0800: 17643.657: [GC pause (G1 Evacuation Pause) (young), 0.0037395 secs]
   [Parallel Time: 1.7 ms, GC Workers: 8]
      [GC Worker Start (ms): Min: 17643656.7, Avg: 17643656.9, Max: 17643657.0, Diff: 0.4]
      [Ext Root Scanning (ms): Min: 0.3, Avg: 0.6, Max: 1.5, Diff: 1.3, Sum: 4.4]
      [Update RS (ms): Min: 0.0, Avg: 0.1, Max: 0.2, Diff: 0.2, Sum: 1.1]
         [Processed Buffers: Min: 0, Avg: 2.5, Max: 10, Diff: 10, Sum: 20]
      [Scan RS (ms): Min: 0.0, Avg: 0.0, Max: 0.1, Diff: 0.1, Sum: 0.2]
      [Code Root Scanning (ms): Min: 0.0, Avg: 0.0, Max: 0.1, Diff: 0.1, Sum: 0.1]
      [Object Copy (ms): Min: 0.0, Avg: 0.2, Max: 0.3, Diff: 0.3, Sum: 1.6]
      [Termination (ms): Min: 0.0, Avg: 0.4, Max: 0.4, Diff: 0.4, Sum: 3.0]
         [Termination Attempts: Min: 1, Avg: 1.6, Max: 3, Diff: 2, Sum: 13]
      [GC Worker Other (ms): Min: 0.0, Avg: 0.0, Max: 0.1, Diff: 0.1, Sum: 0.2]
      [GC Worker Total (ms): Min: 1.2, Avg: 1.3, Max: 1.5, Diff: 0.4, Sum: 10.6]
      [GC Worker End (ms): Min: 17643658.2, Avg: 17643658.2, Max: 17643658.3, Diff: 0.1]
   [Code Root Fixup: 0.0 ms]
   [Code Root Purge: 0.0 ms]
   [Clear CT: 0.5 ms]
   [Other: 1.5 ms]
      [Choose CSet: 0.0 ms]
      [Ref Proc: 0.9 ms]
      [Ref Enq: 0.0 ms]
      [Redirty Cards: 0.5 ms]
      [Humongous Register: 0.0 ms]
      [Humongous Reclaim: 0.0 ms]
      [Free CSet: 0.1 ms]
   [Eden: 299.0M(299.0M)->0.0B(299.0M) Survivors: 1024.0K->1024.0K Heap: 370.8M(500.0M)->71.9M(500.0M)]
 [Times: user=0.00 sys=0.00, real=0.00 secs] 
2020-06-12T20:05:08.929+0800: 18175.450: [GC pause (G1 Evacuation Pause) (young), 0.0037238 secs]
   [Parallel Time: 1.9 ms, GC Workers: 8]
      [GC Worker Start (ms): Min: 18175450.4, Avg: 18175450.5, Max: 18175450.6, Diff: 0.2]
      [Ext Root Scanning (ms): Min: 0.3, Avg: 0.6, Max: 1.5, Diff: 1.2, Sum: 4.4]
      [Update RS (ms): Min: 0.0, Avg: 0.3, Max: 0.4, Diff: 0.4, Sum: 2.0]
         [Processed Buffers: Min: 0, Avg: 2.5, Max: 11, Diff: 11, Sum: 20]
      [Scan RS (ms): Min: 0.0, Avg: 0.0, Max: 0.1, Diff: 0.1, Sum: 0.2]
      [Code Root Scanning (ms): Min: 0.0, Avg: 0.0, Max: 0.1, Diff: 0.1, Sum: 0.1]
      [Object Copy (ms): Min: 0.0, Avg: 0.1, Max: 0.2, Diff: 0.2, Sum: 1.0]
      [Termination (ms): Min: 0.0, Avg: 0.4, Max: 0.5, Diff: 0.5, Sum: 3.6]
         [Termination Attempts: Min: 1, Avg: 1.0, Max: 1, Diff: 0, Sum: 8]
      [GC Worker Other (ms): Min: 0.0, Avg: 0.0, Max: 0.0, Diff: 0.0, Sum: 0.1]
      [GC Worker Total (ms): Min: 1.4, Avg: 1.4, Max: 1.5, Diff: 0.2, Sum: 11.4]
      [GC Worker End (ms): Min: 18175451.9, Avg: 18175451.9, Max: 18175451.9, Diff: 0.0]
   [Code Root Fixup: 0.0 ms]
   [Code Root Purge: 0.0 ms]
   [Clear CT: 0.3 ms]
   [Other: 1.4 ms]
      [Choose CSet: 0.0 ms]
      [Ref Proc: 0.9 ms]
      [Ref Enq: 0.0 ms]
      [Redirty Cards: 0.2 ms]
      [Humongous Register: 0.0 ms]
      [Humongous Reclaim: 0.0 ms]
      [Free CSet: 0.3 ms]
   [Eden: 299.0M(299.0M)->0.0B(299.0M) Survivors: 1024.0K->1024.0K Heap: 370.9M(500.0M)->72.0M(500.0M)]
 [Times: user=0.00 sys=0.00, real=0.00 secs] 
2020-06-12T20:14:01.921+0800: 18708.441: [GC pause (G1 Evacuation Pause) (young), 0.0043710 secs]
   [Parallel Time: 2.0 ms, GC Workers: 8]
      [GC Worker Start (ms): Min: 18708441.4, Avg: 18708441.6, Max: 18708441.7, Diff: 0.3]
      [Ext Root Scanning (ms): Min: 0.3, Avg: 0.6, Max: 1.6, Diff: 1.3, Sum: 4.5]
      [Update RS (ms): Min: 0.0, Avg: 0.0, Max: 0.1, Diff: 0.1, Sum: 0.4]
         [Processed Buffers: Min: 0, Avg: 2.4, Max: 5, Diff: 5, Sum: 19]
      [Scan RS (ms): Min: 0.0, Avg: 0.0, Max: 0.1, Diff: 0.0, Sum: 0.3]
      [Code Root Scanning (ms): Min: 0.0, Avg: 0.0, Max: 0.0, Diff: 0.0, Sum: 0.1]
      [Object Copy (ms): Min: 0.0, Avg: 0.1, Max: 0.2, Diff: 0.2, Sum: 0.9]
      [Termination (ms): Min: 0.0, Avg: 0.6, Max: 0.7, Diff: 0.7, Sum: 5.0]
         [Termination Attempts: Min: 1, Avg: 1.5, Max: 2, Diff: 1, Sum: 12]
      [GC Worker Other (ms): Min: 0.0, Avg: 0.0, Max: 0.0, Diff: 0.0, Sum: 0.1]
      [GC Worker Total (ms): Min: 1.3, Avg: 1.4, Max: 1.6, Diff: 0.3, Sum: 11.2]
      [GC Worker End (ms): Min: 18708443.0, Avg: 18708443.0, Max: 18708443.0, Diff: 0.0]
   [Code Root Fixup: 0.0 ms]
   [Code Root Purge: 0.0 ms]
   [Clear CT: 0.6 ms]
   [Other: 1.7 ms]
      [Choose CSet: 0.0 ms]
      [Ref Proc: 1.1 ms]
      [Ref Enq: 0.0 ms]
      [Redirty Cards: 0.3 ms]
      [Humongous Register: 0.0 ms]
      [Humongous Reclaim: 0.0 ms]
      [Free CSet: 0.3 ms]
   [Eden: 299.0M(299.0M)->0.0B(299.0M) Survivors: 1024.0K->1024.0K Heap: 371.0M(500.0M)->71.9M(500.0M)]
 [Times: user=0.13 sys=0.00, real=0.00 secs] 
2020-06-12T20:22:52.377+0800: 19238.898: [GC pause (G1 Evacuation Pause) (young), 0.0106776 secs]
   [Parallel Time: 4.2 ms, GC Workers: 8]
      [GC Worker Start (ms): Min: 19238898.7, Avg: 19238899.0, Max: 19238899.3, Diff: 0.5]
      [Ext Root Scanning (ms): Min: 1.3, Avg: 1.9, Max: 3.5, Diff: 2.1, Sum: 15.0]
      [Update RS (ms): Min: 0.0, Avg: 0.2, Max: 0.3, Diff: 0.3, Sum: 1.3]
         [Processed Buffers: Min: 0, Avg: 2.4, Max: 7, Diff: 7, Sum: 19]
      [Scan RS (ms): Min: 0.0, Avg: 0.1, Max: 0.2, Diff: 0.2, Sum: 0.9]
      [Code Root Scanning (ms): Min: 0.0, Avg: 0.0, Max: 0.2, Diff: 0.2, Sum: 0.2]
      [Object Copy (ms): Min: 0.0, Avg: 0.5, Max: 0.7, Diff: 0.7, Sum: 4.1]
      [Termination (ms): Min: 0.0, Avg: 0.6, Max: 0.7, Diff: 0.7, Sum: 4.6]
         [Termination Attempts: Min: 1, Avg: 1.4, Max: 2, Diff: 1, Sum: 11]
      [GC Worker Other (ms): Min: 0.0, Avg: 0.0, Max: 0.1, Diff: 0.0, Sum: 0.3]
      [GC Worker Total (ms): Min: 3.0, Avg: 3.3, Max: 3.6, Diff: 0.5, Sum: 26.5]
      [GC Worker End (ms): Min: 19238902.3, Avg: 19238902.3, Max: 19238902.3, Diff: 0.1]
   [Code Root Fixup: 0.2 ms]
   [Code Root Purge: 0.0 ms]
   [Clear CT: 1.3 ms]
   [Other: 5.0 ms]
      [Choose CSet: 0.0 ms]
      [Ref Proc: 3.2 ms]
      [Ref Enq: 0.0 ms]
      [Redirty Cards: 1.2 ms]
      [Humongous Register: 0.0 ms]
      [Humongous Reclaim: 0.0 ms]
      [Free CSet: 0.2 ms]
   [Eden: 299.0M(299.0M)->0.0B(299.0M) Survivors: 1024.0K->1024.0K Heap: 370.9M(500.0M)->71.9M(500.0M)]
 [Times: user=0.00 sys=0.00, real=0.01 secs] 
2020-06-12T20:31:45.161+0800: 19771.682: [GC pause (G1 Evacuation Pause) (young), 0.0037374 secs]
   [Parallel Time: 1.9 ms, GC Workers: 8]
      [GC Worker Start (ms): Min: 19771682.0, Avg: 19771682.1, Max: 19771682.2, Diff: 0.2]
      [Ext Root Scanning (ms): Min: 0.3, Avg: 0.6, Max: 1.6, Diff: 1.3, Sum: 4.7]
      [Update RS (ms): Min: 0.0, Avg: 0.0, Max: 0.1, Diff: 0.1, Sum: 0.4]
         [Processed Buffers: Min: 0, Avg: 2.4, Max: 6, Diff: 6, Sum: 19]
      [Scan RS (ms): Min: 0.0, Avg: 0.0, Max: 0.0, Diff: 0.0, Sum: 0.3]
      [Code Root Scanning (ms): Min: 0.0, Avg: 0.0, Max: 0.1, Diff: 0.1, Sum: 0.1]
      [Object Copy (ms): Min: 0.0, Avg: 0.1, Max: 0.1, Diff: 0.1, Sum: 0.6]
      [Termination (ms): Min: 0.0, Avg: 0.7, Max: 0.8, Diff: 0.8, Sum: 5.7]
         [Termination Attempts: Min: 1, Avg: 1.0, Max: 1, Diff: 0, Sum: 8]
      [GC Worker Other (ms): Min: 0.0, Avg: 0.0, Max: 0.0, Diff: 0.0, Sum: 0.1]
      [GC Worker Total (ms): Min: 1.4, Avg: 1.5, Max: 1.6, Diff: 0.2, Sum: 11.8]
      [GC Worker End (ms): Min: 19771683.5, Avg: 19771683.6, Max: 19771683.6, Diff: 0.0]
   [Code Root Fixup: 0.0 ms]
   [Code Root Purge: 0.0 ms]
   [Clear CT: 0.3 ms]
   [Other: 1.5 ms]
      [Choose CSet: 0.0 ms]
      [Ref Proc: 0.9 ms]
      [Ref Enq: 0.0 ms]
      [Redirty Cards: 0.2 ms]
      [Humongous Register: 0.0 ms]
      [Humongous Reclaim: 0.0 ms]
      [Free CSet: 0.3 ms]
   [Eden: 299.0M(299.0M)->0.0B(299.0M) Survivors: 1024.0K->1024.0K Heap: 370.9M(500.0M)->71.8M(500.0M)]
 [Times: user=0.00 sys=0.00, real=0.00 secs] 
2020-06-12T20:40:38.079+0800: 20304.600: [GC pause (G1 Evacuation Pause) (young), 0.0049370 secs]
   [Parallel Time: 2.2 ms, GC Workers: 8]
      [GC Worker Start (ms): Min: 20304600.4, Avg: 20304600.6, Max: 20304600.8, Diff: 0.4]
      [Ext Root Scanning (ms): Min: 0.3, Avg: 0.6, Max: 1.6, Diff: 1.3, Sum: 4.6]
      [Update RS (ms): Min: 0.0, Avg: 0.0, Max: 0.1, Diff: 0.1, Sum: 0.3]
         [Processed Buffers: Min: 0, Avg: 2.1, Max: 5, Diff: 5, Sum: 17]
      [Scan RS (ms): Min: 0.0, Avg: 0.0, Max: 0.0, Diff: 0.0, Sum: 0.3]
      [Code Root Scanning (ms): Min: 0.0, Avg: 0.0, Max: 0.1, Diff: 0.1, Sum: 0.1]
      [Object Copy (ms): Min: 0.0, Avg: 0.1, Max: 0.2, Diff: 0.2, Sum: 0.7]
      [Termination (ms): Min: 0.0, Avg: 0.7, Max: 0.8, Diff: 0.8, Sum: 5.4]
         [Termination Attempts: Min: 1, Avg: 1.0, Max: 1, Diff: 0, Sum: 8]
      [GC Worker Other (ms): Min: 0.0, Avg: 0.0, Max: 0.0, Diff: 0.0, Sum: 0.1]
      [GC Worker Total (ms): Min: 1.3, Avg: 1.4, Max: 1.6, Diff: 0.4, Sum: 11.3]
      [GC Worker End (ms): Min: 20304602.0, Avg: 20304602.1, Max: 20304602.1, Diff: 0.0]
   [Code Root Fixup: 0.0 ms]
   [Code Root Purge: 0.0 ms]
   [Clear CT: 0.7 ms]
   [Other: 2.0 ms]
      [Choose CSet: 0.0 ms]
      [Ref Proc: 1.3 ms]
      [Ref Enq: 0.0 ms]
      [Redirty Cards: 0.5 ms]
      [Humongous Register: 0.0 ms]
      [Humongous Reclaim: 0.0 ms]
      [Free CSet: 0.1 ms]
   [Eden: 299.0M(299.0M)->0.0B(299.0M) Survivors: 1024.0K->1024.0K Heap: 370.8M(500.0M)->71.8M(500.0M)]
 [Times: user=0.00 sys=0.00, real=0.01 secs] 
2020-06-12T20:49:30.916+0800: 20837.438: [GC pause (G1 Evacuation Pause) (young), 0.0037997 secs]
   [Parallel Time: 1.4 ms, GC Workers: 8]
      [GC Worker Start (ms): Min: 20837437.7, Avg: 20837437.9, Max: 20837437.9, Diff: 0.2]
      [Ext Root Scanning (ms): Min: 0.3, Avg: 0.5, Max: 1.2, Diff: 0.9, Sum: 3.9]
      [Update RS (ms): Min: 0.0, Avg: 0.0, Max: 0.1, Diff: 0.1, Sum: 0.3]
         [Processed Buffers: Min: 0, Avg: 2.0, Max: 6, Diff: 6, Sum: 16]
      [Scan RS (ms): Min: 0.0, Avg: 0.0, Max: 0.0, Diff: 0.0, Sum: 0.2]
      [Code Root Scanning (ms): Min: 0.0, Avg: 0.0, Max: 0.0, Diff: 0.0, Sum: 0.0]
      [Object Copy (ms): Min: 0.0, Avg: 0.1, Max: 0.1, Diff: 0.1, Sum: 0.7]
      [Termination (ms): Min: 0.0, Avg: 0.5, Max: 0.6, Diff: 0.6, Sum: 3.8]
         [Termination Attempts: Min: 1, Avg: 1.1, Max: 2, Diff: 1, Sum: 9]
      [GC Worker Other (ms): Min: 0.0, Avg: 0.0, Max: 0.0, Diff: 0.0, Sum: 0.1]
      [GC Worker Total (ms): Min: 1.1, Avg: 1.1, Max: 1.2, Diff: 0.2, Sum: 9.1]
      [GC Worker End (ms): Min: 20837439.0, Avg: 20837439.0, Max: 20837439.0, Diff: 0.0]
   [Code Root Fixup: 0.0 ms]
   [Code Root Purge: 0.0 ms]
   [Clear CT: 0.4 ms]
   [Other: 2.0 ms]
      [Choose CSet: 0.0 ms]
      [Ref Proc: 1.2 ms]
      [Ref Enq: 0.0 ms]
      [Redirty Cards: 0.5 ms]
      [Humongous Register: 0.0 ms]
      [Humongous Reclaim: 0.0 ms]
      [Free CSet: 0.3 ms]
   [Eden: 299.0M(299.0M)->0.0B(299.0M) Survivors: 1024.0K->1024.0K Heap: 370.8M(500.0M)->71.8M(500.0M)]
 [Times: user=0.00 sys=0.00, real=0.00 secs] 
2020-06-12T20:58:21.634+0800: 21368.155: [GC pause (G1 Evacuation Pause) (young), 0.0051431 secs]
   [Parallel Time: 2.1 ms, GC Workers: 8]
      [GC Worker Start (ms): Min: 21368155.1, Avg: 21368155.3, Max: 21368155.5, Diff: 0.4]
      [Ext Root Scanning (ms): Min: 0.4, Avg: 0.7, Max: 1.7, Diff: 1.3, Sum: 5.5]
      [Update RS (ms): Min: 0.0, Avg: 0.1, Max: 0.1, Diff: 0.1, Sum: 0.4]
         [Processed Buffers: Min: 0, Avg: 2.3, Max: 6, Diff: 6, Sum: 18]
      [Scan RS (ms): Min: 0.0, Avg: 0.0, Max: 0.1, Diff: 0.1, Sum: 0.3]
      [Code Root Scanning (ms): Min: 0.0, Avg: 0.0, Max: 0.1, Diff: 0.1, Sum: 0.1]
      [Object Copy (ms): Min: 0.0, Avg: 0.2, Max: 0.3, Diff: 0.3, Sum: 1.3]
      [Termination (ms): Min: 0.0, Avg: 0.6, Max: 0.6, Diff: 0.6, Sum: 4.4]
         [Termination Attempts: Min: 1, Avg: 1.0, Max: 1, Diff: 0, Sum: 8]
      [GC Worker Other (ms): Min: 0.0, Avg: 0.0, Max: 0.0, Diff: 0.0, Sum: 0.1]
      [GC Worker Total (ms): Min: 1.4, Avg: 1.5, Max: 1.7, Diff: 0.3, Sum: 12.1]
      [GC Worker End (ms): Min: 21368156.8, Avg: 21368156.8, Max: 21368156.9, Diff: 0.0]
   [Code Root Fixup: 0.1 ms]
   [Code Root Purge: 0.0 ms]
   [Clear CT: 0.7 ms]
   [Other: 2.3 ms]
      [Choose CSet: 0.0 ms]
      [Ref Proc: 1.4 ms]
      [Ref Enq: 0.0 ms]
      [Redirty Cards: 0.7 ms]
      [Humongous Register: 0.0 ms]
      [Humongous Reclaim: 0.0 ms]
      [Free CSet: 0.1 ms]
   [Eden: 299.0M(299.0M)->0.0B(299.0M) Survivors: 1024.0K->1024.0K Heap: 370.8M(500.0M)->72.0M(500.0M)]
 [Times: user=0.00 sys=0.00, real=0.01 secs] 
2020-06-12T21:07:14.589+0800: 21901.110: [GC pause (G1 Evacuation Pause) (young), 0.0049001 secs]
   [Parallel Time: 1.9 ms, GC Workers: 8]
      [GC Worker Start (ms): Min: 21901110.3, Avg: 21901110.4, Max: 21901110.6, Diff: 0.3]
      [Ext Root Scanning (ms): Min: 0.3, Avg: 0.6, Max: 1.7, Diff: 1.4, Sum: 4.8]
      [Update RS (ms): Min: 0.0, Avg: 0.0, Max: 0.1, Diff: 0.1, Sum: 0.4]
         [Processed Buffers: Min: 0, Avg: 2.3, Max: 7, Diff: 7, Sum: 18]
      [Scan RS (ms): Min: 0.0, Avg: 0.0, Max: 0.0, Diff: 0.0, Sum: 0.3]
      [Code Root Scanning (ms): Min: 0.0, Avg: 0.0, Max: 0.1, Diff: 0.1, Sum: 0.1]
      [Object Copy (ms): Min: 0.0, Avg: 0.1, Max: 0.2, Diff: 0.2, Sum: 0.9]
      [Termination (ms): Min: 0.0, Avg: 0.7, Max: 0.9, Diff: 0.9, Sum: 5.9]
         [Termination Attempts: Min: 1, Avg: 1.0, Max: 1, Diff: 0, Sum: 8]
      [GC Worker Other (ms): Min: 0.0, Avg: 0.0, Max: 0.0, Diff: 0.0, Sum: 0.1]
      [GC Worker Total (ms): Min: 1.4, Avg: 1.5, Max: 1.7, Diff: 0.3, Sum: 12.4]
      [GC Worker End (ms): Min: 21901112.0, Avg: 21901112.0, Max: 21901112.0, Diff: 0.0]
   [Code Root Fixup: 0.0 ms]
   [Code Root Purge: 0.0 ms]
   [Clear CT: 0.7 ms]
   [Other: 2.3 ms]
      [Choose CSet: 0.0 ms]
      [Ref Proc: 1.2 ms]
      [Ref Enq: 0.0 ms]
      [Redirty Cards: 0.6 ms]
      [Humongous Register: 0.0 ms]
      [Humongous Reclaim: 0.0 ms]
      [Free CSet: 0.3 ms]
   [Eden: 299.0M(299.0M)->0.0B(299.0M) Survivors: 1024.0K->1024.0K Heap: 371.0M(500.0M)->71.9M(500.0M)]
 [Times: user=0.00 sys=0.00, real=0.01 secs] 
2020-06-12T21:16:07.250+0800: 22433.771: [GC pause (G1 Evacuation Pause) (young), 0.0048437 secs]
   [Parallel Time: 1.8 ms, GC Workers: 8]
      [GC Worker Start (ms): Min: 22433771.4, Avg: 22433771.6, Max: 22433771.8, Diff: 0.4]
      [Ext Root Scanning (ms): Min: 0.3, Avg: 0.5, Max: 1.5, Diff: 1.2, Sum: 4.3]
      [Update RS (ms): Min: 0.0, Avg: 0.0, Max: 0.1, Diff: 0.1, Sum: 0.4]
         [Processed Buffers: Min: 0, Avg: 2.3, Max: 5, Diff: 5, Sum: 18]
      [Scan RS (ms): Min: 0.0, Avg: 0.0, Max: 0.0, Diff: 0.0, Sum: 0.2]
      [Code Root Scanning (ms): Min: 0.0, Avg: 0.0, Max: 0.1, Diff: 0.1, Sum: 0.1]
      [Object Copy (ms): Min: 0.0, Avg: 0.1, Max: 0.2, Diff: 0.2, Sum: 0.9]
      [Termination (ms): Min: 0.0, Avg: 0.5, Max: 0.6, Diff: 0.6, Sum: 4.0]
         [Termination Attempts: Min: 1, Avg: 1.0, Max: 1, Diff: 0, Sum: 8]
      [GC Worker Other (ms): Min: 0.0, Avg: 0.0, Max: 0.0, Diff: 0.0, Sum: 0.1]
      [GC Worker Total (ms): Min: 1.1, Avg: 1.2, Max: 1.5, Diff: 0.4, Sum: 10.0]
      [GC Worker End (ms): Min: 22433772.9, Avg: 22433772.9, Max: 22433772.9, Diff: 0.0]
   [Code Root Fixup: 0.0 ms]
   [Code Root Purge: 0.0 ms]
   [Clear CT: 0.8 ms]
   [Other: 2.1 ms]
      [Choose CSet: 0.0 ms]
      [Ref Proc: 1.0 ms]
      [Ref Enq: 0.0 ms]
      [Redirty Cards: 0.8 ms]
      [Humongous Register: 0.0 ms]
      [Humongous Reclaim: 0.0 ms]
      [Free CSet: 0.3 ms]
   [Eden: 299.0M(299.0M)->0.0B(299.0M) Survivors: 1024.0K->1024.0K Heap: 370.9M(500.0M)->71.9M(500.0M)]
 [Times: user=0.00 sys=0.00, real=0.01 secs] 
